
> backend@1.0.0 dev
> nodemon src/server.js

[33m[nodemon] 3.1.11[39m
[33m[nodemon] to restart at any time, enter `rs`[39m
[33m[nodemon] watching path(s): *.*[39m
[33m[nodemon] watching extensions: js,mjs,cjs,json[39m
[32m[nodemon] starting `node src/server.js`[39m
[dotenv@17.2.3] injecting env (16) from .env -- tip: 🔐 encrypt with Dotenvx: https://dotenvx.com
✅ Backend running on http://localhost:5000
[0mGET /api/health [32m200[0m 11.155 ms - 57[0m
[0mGET /api/health [32m200[0m 24.703 ms - 57[0m
[0mGET /api/health [32m200[0m 2.049 ms - 57[0m
[0mGET /api/health [32m200[0m 0.367 ms - 57[0m
[0mGET /api/health [32m200[0m 1.297 ms - 57[0m
[0mGET /api/health [32m200[0m 0.392 ms - 57[0m
[0mGET /api/health [32m200[0m 0.357 ms - 57[0m
[0mGET /api/health [32m200[0m 0.499 ms - 57[0m
[0mGET /api/health [32m200[0m 0.856 ms - 57[0m
[0mGET /api/health [32m200[0m 1.110 ms - 57[0m
[0mGET /api/health [32m200[0m 0.490 ms - 57[0m
[0mGET /api/health [32m200[0m 0.534 ms - 57[0m
[0mPOST /api/auth/signin [33m401[0m 1045.691 ms - 31[0m
[0mGET /api/health [32m200[0m 0.638 ms - 57[0m
[0mPOST /api/auth/signin [32m200[0m 473.543 ms - 1263[0m
[getMe] Querying for userId: cf6c6246-a489-4228-834c-b4eec7d0d0d0
[getMe] dbUser result: { first_name: 'hossam', last_name: 'hassan', roles: null } error: null
[0mGET /api/notifications [36m304[0m 689.374 ms - -[0m
[0mGET /api/auth/me [36m304[0m 879.066 ms - -[0m
[0mGET /api/skills/me [36m304[0m 337.447 ms - -[0m
[0mGET /api/resumes [32m200[0m 203.635 ms - 555[0m
[0mGET /api/resumes/cb232b4b-5e5d-4a25-92d5-6f9eae25d69e/status [32m200[0m 207.186 ms - 33972[0m
[0mGET /api/resumes [36m304[0m 194.923 ms - -[0m
[0mGET /api/matches [36m304[0m 199.530 ms - -[0m
[0mGET /api/health [32m200[0m 1.264 ms - 57[0m
[0mGET /api/health [32m200[0m 0.445 ms - 57[0m
[0mGET /api/resumes [36m304[0m 373.084 ms - -[0m
[0mGET /api/courses? [36m304[0m 566.653 ms - -[0m
[0mGET /api/health [32m200[0m 0.346 ms - 57[0m
[0mGET /api/notifications [36m304[0m 378.428 ms - -[0m
[0mGET /api/matches [36m304[0m 196.155 ms - -[0m
[0mGET /api/jobs? [36m304[0m 101.678 ms - -[0m
[0mGET /api/users/cf6c6246-a489-4228-834c-b4eec7d0d0d0/saved-jobs [36m304[0m 189.261 ms - -[0m
[0mGET /api/health [32m200[0m 0.385 ms - 57[0m
[0mGET /api/jobs/f7cf9c45-abf3-48e4-856f-aa2f20143aec [32m200[0m 230.851 ms - 866[0m
[0mGET /api/users/cf6c6246-a489-4228-834c-b4eec7d0d0d0/saved-jobs [36m304[0m 194.782 ms - -[0m
[0mGET /api/health [32m200[0m 0.351 ms - 57[0m
[0mGET /api/resumes [36m304[0m 222.582 ms - -[0m
[Pipeline] Fetching details for user: cf6c6246-a489-4228-834c-b4eec7d0d0d0, resume: cb232b4b-5e5d-4a25-92d5-6f9eae25d69e, job: f7cf9c45-abf3-48e4-856f-aa2f20143aec
[Pipeline] Calling cv_matching_service...
[0mGET /api/health [32m200[0m 0.464 ms - 57[0m
[0mGET /api/notifications [36m304[0m 399.681 ms - -[0m
[0mGET /api/health [32m200[0m 0.576 ms - 57[0m
[Pipeline] Calling skill_gap_engine...
[0mGET /api/health [32m200[0m 0.955 ms - 57[0m
[0mGET /api/notifications [36m304[0m 373.315 ms - -[0m
[0mGET /api/health [32m200[0m 0.610 ms - 57[0m
[Pipeline] Saving candidate_matches with payload: {
  "job_posting_id": "f7cf9c45-abf3-48e4-856f-aa2f20143aec",
  "job_seeker_profile_id": "119a6110-4c10-4640-94eb-9df5eaa3167e",
  "resume_id": "cb232b4b-5e5d-4a25-92d5-6f9eae25d69e",
  "overall_score": 0.75,
  "skill_match_score": 0.6,
  "experience_match_score": 0.8,
  "education_match_score": 0.8,
  "matched_skills": [
    "Machine Learning",
    "Python",
    "Docker"
  ],
  "missing_skills": [
    "SQL",
    "AWS"
  ],
  "confidence_score": 0.8,
  "user_id": "cf6c6246-a489-4228-834c-b4eec7d0d0d0",
  "match_score": 75,
  "calculated_at": "2026-07-04T21:03:20.566Z"
}
[Pipeline] Saving readiness_scores...
[Pipeline] Calling course_recommendation_service...
[Pipeline] Calling job_recommendation_service...
[Pipeline] Calling m5_roadmap_service (roadmap)...
[Pipeline] Creating notification...
[0mPOST /api/matches/run [32m200[0m 62952.969 ms - 2471[0m
[0mGET /api/health [32m200[0m 0.502 ms - 57[0m
[0mGET /api/notifications [32m200[0m 784.463 ms - 318[0m
[0mGET /api/health [32m200[0m 0.629 ms - 57[0m
[0mGET /api/health [32m200[0m 0.161 ms - 57[0m
[0mGET /api/health [32m200[0m 0.234 ms - 57[0m
[0mGET /api/notifications [36m304[0m 883.833 ms - -[0m
[0mGET /api/health [32m200[0m 0.219 ms - 57[0m
[0mGET /api/health [32m200[0m 0.253 ms - 57[0m
[0mGET /api/health [32m200[0m 0.152 ms - 57[0m
[0mGET /api/health [32m200[0m 0.271 ms - 57[0m
[0mGET /api/notifications [36m304[0m 707.752 ms - -[0m
[0mGET /api/health [32m200[0m 0.262 ms - 57[0m
[0mGET /api/health [32m200[0m 0.213 ms - 57[0m
[0mGET /api/health [32m200[0m 0.159 ms - 57[0m
[0mGET /api/health [32m200[0m 0.187 ms - 57[0m
[0mGET /api/notifications [36m304[0m 423.384 ms - -[0m
[0mGET /api/health [32m200[0m 0.238 ms - 57[0m
[0mGET /api/health [32m200[0m 0.159 ms - 57[0m
[0mGET /api/health [32m200[0m 0.283 ms - 57[0m
[0mGET /api/notifications [36m304[0m 473.351 ms - -[0m
[0mGET /api/health [32m200[0m 0.159 ms - 57[0m
[0mGET /api/health [32m200[0m 0.174 ms - 57[0m
[0mGET /api/health [32m200[0m 0.919 ms - 57[0m
[0mPOST /api/users/cf6c6246-a489-4228-834c-b4eec7d0d0d0/saved-jobs [32m201[0m 464.659 ms - 255[0m
[0mGET /api/health [32m200[0m 0.158 ms - 57[0m
[0mGET /api/notifications [36m304[0m 333.125 ms - -[0m
[0mGET /api/health [32m200[0m 0.215 ms - 57[0m
[0mGET /api/health [32m200[0m 0.203 ms - 57[0m
[0mGET /api/matches [32m200[0m 272.175 ms - 447[0m
[0mGET /api/jobs? [36m304[0m 83.044 ms - -[0m
[0mGET /api/users/cf6c6246-a489-4228-834c-b4eec7d0d0d0/saved-jobs [32m200[0m 176.294 ms - 437[0m
[0mGET /api/health [32m200[0m 0.192 ms - 57[0m
[0mGET /api/users/cf6c6246-a489-4228-834c-b4eec7d0d0d0/saved-jobs [36m304[0m 311.671 ms - -[0m
[0mGET /api/matches [36m304[0m 152.632 ms - -[0m
[0mGET /api/notifications [36m304[0m 154.200 ms - -[0m
[0mGET /api/matches [36m304[0m 157.392 ms - -[0m
[0mGET /api/jobs? [36m304[0m 84.858 ms - -[0m
[0mGET /api/users/cf6c6246-a489-4228-834c-b4eec7d0d0d0/saved-jobs [36m304[0m 153.473 ms - -[0m
[0mGET /api/health [32m200[0m 0.256 ms - 57[0m
[0mGET /api/health [32m200[0m 0.214 ms - 57[0m
[0mGET /api/jobs/0589c401-3c46-4615-9aab-721815c90d8b [32m200[0m 192.989 ms - 799[0m
[0mGET /api/users/cf6c6246-a489-4228-834c-b4eec7d0d0d0/saved-jobs [36m304[0m 167.225 ms - -[0m
[0mGET /api/health [32m200[0m 0.249 ms - 57[0m
[0mGET /api/health [32m200[0m 0.163 ms - 57[0m
[0mGET /api/notifications [36m304[0m 314.752 ms - -[0m
[0mGET /api/matches [36m304[0m 179.422 ms - -[0m
[0mGET /api/jobs? [36m304[0m 87.328 ms - -[0m
[0mGET /api/users/cf6c6246-a489-4228-834c-b4eec7d0d0d0/saved-jobs [36m304[0m 187.184 ms - -[0m
[0mGET /api/health [32m200[0m 0.211 ms - 57[0m
[0mGET /api/jobs/7f08b46f-ffbd-4255-8f61-023dd6793dc7 [32m200[0m 278.301 ms - 799[0m
[0mGET /api/users/cf6c6246-a489-4228-834c-b4eec7d0d0d0/saved-jobs [36m304[0m 196.384 ms - -[0m
[0mGET /api/matches [36m304[0m 298.296 ms - -[0m
[0mGET /api/jobs? [36m304[0m 92.139 ms - -[0m
[0mGET /api/users/cf6c6246-a489-4228-834c-b4eec7d0d0d0/saved-jobs [36m304[0m 169.623 ms - -[0m
[0mGET /api/health [32m200[0m 0.217 ms - 57[0m
[0mGET /api/health [32m200[0m 0.157 ms - 57[0m
[0mGET /api/notifications [36m304[0m 264.560 ms - -[0m
[0mGET /api/health [32m200[0m 0.291 ms - 57[0m
[0mGET /api/health [32m200[0m 0.163 ms - 57[0m
[0mGET /api/health [32m200[0m 0.312 ms - 57[0m
[0mGET /api/health [32m200[0m 0.286 ms - 57[0m
[0mGET /api/notifications [36m304[0m 380.758 ms - -[0m
[0mGET /api/health [32m200[0m 0.179 ms - 57[0m
[0mGET /api/health [32m200[0m 0.156 ms - 57[0m
[0mGET /api/health [32m200[0m 0.187 ms - 57[0m
[0mGET /api/health [32m200[0m 0.238 ms - 57[0m
[0mGET /api/notifications [36m304[0m 321.315 ms - -[0m
[0mGET /api/health [32m200[0m 0.172 ms - 57[0m
[0mGET /api/health [32m200[0m 0.167 ms - 57[0m
[0mGET /api/health [32m200[0m 0.162 ms - 57[0m
[0mGET /api/health [32m200[0m 0.145 ms - 57[0m
[0mGET /api/health [32m200[0m 0.207 ms - 57[0m
[0mGET /api/health [32m200[0m 0.140 ms - 57[0m
[0mGET /api/health [32m200[0m 0.203 ms - 57[0m
[0mGET /api/notifications [36m304[0m 483.463 ms - -[0m
[0mGET /api/health [32m200[0m 0.159 ms - 57[0m
[0mGET /api/health [32m200[0m 0.193 ms - 57[0m
[0mGET /api/health [32m200[0m 0.173 ms - 57[0m
[0mGET /api/health [32m200[0m 0.290 ms - 57[0m
[0mGET /api/health [32m200[0m 0.159 ms - 57[0m
[0mGET /api/health [32m200[0m 0.268 ms - 57[0m
[0mGET /api/health [32m200[0m 0.235 ms - 57[0m
[0mGET /api/notifications [36m304[0m 334.247 ms - -[0m
[0mGET /api/health [32m200[0m 0.478 ms - 57[0m
[0mGET /api/health [32m200[0m 0.165 ms - 57[0m
[0mGET /api/health [32m200[0m 0.222 ms - 57[0m
[0mGET /api/health [32m200[0m 0.182 ms - 57[0m
[0mGET /api/notifications [36m304[0m 335.579 ms - -[0m
[0mGET /api/health [32m200[0m 0.399 ms - 57[0m
[0mGET /api/matches [36m304[0m 204.404 ms - -[0m
[0mGET /api/jobs? [36m304[0m 95.309 ms - -[0m
[0mGET /api/users/cf6c6246-a489-4228-834c-b4eec7d0d0d0/saved-jobs [36m304[0m 197.127 ms - -[0m
[0mGET /api/health [32m200[0m 0.503 ms - 57[0m
[0mGET /api/health [32m200[0m 0.322 ms - 57[0m
[0mGET /api/health [32m200[0m 0.341 ms - 57[0m
[0mGET /api/notifications [36m304[0m 769.077 ms - -[0m
[0mGET /api/health [32m200[0m 0.246 ms - 57[0m
[0mGET /api/health [32m200[0m 0.351 ms - 57[0m
[0mGET /api/health [32m200[0m 0.235 ms - 57[0m
[0mGET /api/health [32m200[0m 0.372 ms - 57[0m
[0mGET /api/health [32m200[0m 0.233 ms - 57[0m
[0mGET /api/notifications [36m304[0m 302.849 ms - -[0m
[0mGET /api/health [32m200[0m 0.168 ms - 57[0m
[0mGET /api/health [32m200[0m 0.215 ms - 57[0m
[0mGET /api/health [32m200[0m 0.213 ms - 57[0m
[0mGET /api/health [32m200[0m 0.228 ms - 57[0m
[0mGET /api/health [32m200[0m 0.152 ms - 57[0m
[0mGET /api/notifications [36m304[0m 790.952 ms - -[0m
[0mGET /api/health [32m200[0m 0.281 ms - 57[0m
[0mGET /api/health [32m200[0m 0.142 ms - 57[0m
[0mGET /api/health [32m200[0m 0.175 ms - 57[0m
[0mGET /api/health [32m200[0m 0.169 ms - 57[0m
[0mGET /api/health [32m200[0m 0.365 ms - 57[0m
[0mGET /api/health [32m200[0m 0.235 ms - 57[0m
[0mGET /api/health [32m200[0m 0.289 ms - 57[0m
[0mGET /api/health [32m200[0m 0.245 ms - 57[0m
[0mGET /api/health [32m200[0m 0.294 ms - 57[0m
[0mGET /api/health [32m200[0m 0.143 ms - 57[0m
[0mGET /api/health [32m200[0m 0.214 ms - 57[0m
[0mGET /api/notifications [36m304[0m 359.416 ms - -[0m
[0mGET /api/health [32m200[0m 0.203 ms - 57[0m
[0mGET /api/health [32m200[0m 0.171 ms - 57[0m
[0mGET /api/health [32m200[0m 0.153 ms - 57[0m
[0mGET /api/health [32m200[0m 0.186 ms - 57[0m
[0mGET /api/health [32m200[0m 0.246 ms - 57[0m
[0mGET /api/health [32m200[0m 0.272 ms - 57[0m
[0mGET /api/health [32m200[0m 0.250 ms - 57[0m
[0mGET /api/health [32m200[0m 0.239 ms - 57[0m
[0mGET /api/health [32m200[0m 0.168 ms - 57[0m
[0mGET /api/health [32m200[0m 0.207 ms - 57[0m
[0mGET /api/notifications [36m304[0m 620.607 ms - -[0m
[0mGET /api/health [32m200[0m 0.257 ms - 57[0m
[0mGET /api/health [32m200[0m 0.226 ms - 57[0m
[0mGET /api/health [32m200[0m 0.317 ms - 57[0m
[0mGET /api/health [32m200[0m 0.202 ms - 57[0m
[0mGET /api/health [32m200[0m 0.182 ms - 57[0m
[0mGET /api/health [32m200[0m 0.285 ms - 57[0m
[0mGET /api/health [32m200[0m 0.211 ms - 57[0m
[0mGET /api/health [32m200[0m 0.182 ms - 57[0m
[0mGET /api/health [32m200[0m 0.446 ms - 57[0m
[0mGET /api/health [32m200[0m 0.251 ms - 57[0m
[0mGET /api/notifications [36m304[0m 434.921 ms - -[0m
[0mGET /api/health [32m200[0m 0.251 ms - 57[0m
[0mGET /api/health [32m200[0m 0.242 ms - 57[0m
[0mGET /api/health [32m200[0m 0.155 ms - 57[0m
[0mGET /api/health [32m200[0m 0.157 ms - 57[0m
[0mGET /api/health [32m200[0m 0.187 ms - 57[0m
[0mGET /api/health [32m200[0m 0.247 ms - 57[0m
[0mGET /api/health [32m200[0m 0.254 ms - 57[0m
[0mGET /api/health [32m200[0m 0.332 ms - 57[0m
[0mGET /api/health [32m200[0m 0.167 ms - 57[0m
[0mGET /api/health [32m200[0m 0.257 ms - 57[0m
[0mGET /api/notifications [36m304[0m 365.153 ms - -[0m
[0mGET /api/health [32m200[0m 0.281 ms - 57[0m
[0mGET /api/health [32m200[0m 0.231 ms - 57[0m
[0mGET /api/health [32m200[0m 0.234 ms - 57[0m
[0mGET /api/health [32m200[0m 0.157 ms - 57[0m
[0mGET /api/health [32m200[0m 0.316 ms - 57[0m
[0mGET /api/health [32m200[0m 0.220 ms - 57[0m
[0mGET /api/health [32m200[0m 0.191 ms - 57[0m
[0mGET /api/health [32m200[0m 0.248 ms - 57[0m
[0mGET /api/health [32m200[0m 0.173 ms - 57[0m
[0mGET /api/health [32m200[0m 0.186 ms - 57[0m
[0mGET /api/notifications [36m304[0m 297.595 ms - -[0m
[0mGET /api/health [32m200[0m 0.151 ms - 57[0m
[0mGET /api/health [32m200[0m 0.245 ms - 57[0m
[0mGET /api/health [32m200[0m 0.308 ms - 57[0m
[0mGET /api/health [32m200[0m 0.207 ms - 57[0m
[0mGET /api/health [32m200[0m 0.243 ms - 57[0m
[0mGET /api/health [32m200[0m 0.216 ms - 57[0m
[0mGET /api/health [32m200[0m 0.163 ms - 57[0m
[0mGET /api/health [32m200[0m 0.232 ms - 57[0m
[0mGET /api/health [32m200[0m 0.180 ms - 57[0m
[0mGET /api/health [32m200[0m 0.167 ms - 57[0m
[0mGET /api/notifications [36m304[0m 290.650 ms - -[0m
[0mGET /api/health [32m200[0m 0.234 ms - 57[0m
[0mGET /api/health [32m200[0m 0.242 ms - 57[0m
[0mGET /api/health [32m200[0m 0.145 ms - 57[0m
[0mGET /api/health [32m200[0m 0.265 ms - 57[0m
[0mGET /api/health [32m200[0m 0.226 ms - 57[0m
[0mGET /api/health [32m200[0m 0.223 ms - 57[0m
[0mGET /api/health [32m200[0m 0.174 ms - 57[0m
[0mGET /api/health [32m200[0m 0.227 ms - 57[0m
[0mGET /api/health [32m200[0m 0.242 ms - 57[0m
[0mGET /api/health [32m200[0m 0.182 ms - 57[0m
[0mGET /api/notifications [36m304[0m 294.313 ms - -[0m
[0mGET /api/health [32m200[0m 0.242 ms - 57[0m
[0mGET /api/health [32m200[0m 0.275 ms - 57[0m
[0mGET /api/health [32m200[0m 0.183 ms - 57[0m
[0mGET /api/health [32m200[0m 0.211 ms - 57[0m
[0mGET /api/health [32m200[0m 0.151 ms - 57[0m
[0mGET /api/health [32m200[0m 0.178 ms - 57[0m
[0mGET /api/health [32m200[0m 0.219 ms - 57[0m
[0mGET /api/health [32m200[0m 0.244 ms - 57[0m
[0mGET /api/health [32m200[0m 0.158 ms - 57[0m
[0mGET /api/health [32m200[0m 0.138 ms - 57[0m
[0mGET /api/health [32m200[0m 0.253 ms - 57[0m
[0mGET /api/notifications [36m304[0m 308.706 ms - -[0m
[0mGET /api/health [32m200[0m 0.192 ms - 57[0m
[0mGET /api/health [32m200[0m 0.277 ms - 57[0m
[0mGET /api/health [32m200[0m 0.264 ms - 57[0m
[0mGET /api/health [32m200[0m 0.168 ms - 57[0m
[0mGET /api/health [32m200[0m 0.146 ms - 57[0m
[0mGET /api/health [32m200[0m 0.155 ms - 57[0m
[0mGET /api/health [32m200[0m 0.155 ms - 57[0m
[0mGET /api/health [32m200[0m 0.177 ms - 57[0m
[0mGET /api/health [32m200[0m 0.165 ms - 57[0m
[0mGET /api/health [32m200[0m 0.481 ms - 57[0m
[0mGET /api/notifications [36m304[0m 322.339 ms - -[0m
[0mGET /api/health [32m200[0m 0.169 ms - 57[0m
[0mGET /api/health [32m200[0m 0.295 ms - 57[0m
[0mGET /api/health [32m200[0m 0.181 ms - 57[0m
[0mGET /api/health [32m200[0m 0.345 ms - 57[0m
[0mGET /api/health [32m200[0m 0.208 ms - 57[0m
[0mGET /api/health [32m200[0m 0.153 ms - 57[0m
[0mGET /api/health [32m200[0m 0.151 ms - 57[0m
[0mGET /api/health [32m200[0m 0.181 ms - 57[0m
[0mGET /api/health [32m200[0m 0.146 ms - 57[0m
[0mGET /api/health [32m200[0m 0.277 ms - 57[0m
[0mGET /api/notifications [36m304[0m 299.802 ms - -[0m
[0mGET /api/health [32m200[0m 0.204 ms - 57[0m
[0mGET /api/health [32m200[0m 0.202 ms - 57[0m
[0mGET /api/health [32m200[0m 0.175 ms - 57[0m
[0mGET /api/health [32m200[0m 0.152 ms - 57[0m
[0mGET /api/health [32m200[0m 0.131 ms - 57[0m
[0mGET /api/health [32m200[0m 0.388 ms - 57[0m
[0mGET /api/health [32m200[0m 0.285 ms - 57[0m
[0mGET /api/health [32m200[0m 0.171 ms - 57[0m
[0mGET /api/health [32m200[0m 0.381 ms - 57[0m
[0mGET /api/health [32m200[0m 0.251 ms - 57[0m
[0mGET /api/notifications [36m304[0m 291.144 ms - -[0m
[0mGET /api/health [32m200[0m 0.222 ms - 57[0m
[0mGET /api/health [32m200[0m 0.204 ms - 57[0m
[0mGET /api/health [32m200[0m 0.255 ms - 57[0m
[0mGET /api/health [32m200[0m 0.265 ms - 57[0m
[0mGET /api/health [32m200[0m 0.185 ms - 57[0m
[0mGET /api/notifications [36m304[0m 1016.183 ms - -[0m
[0mGET /api/health [32m200[0m 0.208 ms - 57[0m
[0mGET /api/health [32m200[0m 0.212 ms - 57[0m
[0mGET /api/health [32m200[0m 0.189 ms - 57[0m
[0mGET /api/health [32m200[0m 0.149 ms - 57[0m
[0mGET /api/health [32m200[0m 0.307 ms - 57[0m
[0mGET /api/notifications [36m304[0m 303.700 ms - -[0m
[0mGET /api/health [32m200[0m 0.188 ms - 57[0m
[0mGET /api/health [32m200[0m 0.174 ms - 57[0m
[0mGET /api/health [32m200[0m 0.232 ms - 57[0m
[0mGET /api/health [32m200[0m 0.155 ms - 57[0m
[0mGET /api/health [32m200[0m 0.171 ms - 57[0m
[0mGET /api/notifications [36m304[0m 310.146 ms - -[0m
[0mGET /api/health [32m200[0m 0.145 ms - 57[0m
[0mGET /api/health [32m200[0m 0.220 ms - 57[0m
[0mGET /api/health [32m200[0m 0.251 ms - 57[0m
[0mGET /api/health [32m200[0m 0.165 ms - 57[0m
[0mGET /api/health [32m200[0m 0.219 ms - 57[0m
[0mGET /api/notifications [36m304[0m 318.348 ms - -[0m
[0mGET /api/health [32m200[0m 0.227 ms - 57[0m
[0mGET /api/health [32m200[0m 0.428 ms - 57[0m
[0mGET /api/health [32m200[0m 0.142 ms - 57[0m
[0mGET /api/health [32m200[0m 0.176 ms - 57[0m
[0mGET /api/health [32m200[0m 0.203 ms - 57[0m
[0mGET /api/health [32m200[0m 0.166 ms - 57[0m
[0mGET /api/health [32m200[0m 0.148 ms - 57[0m
[0mGET /api/health [32m200[0m 0.146 ms - 57[0m
[0mGET /api/health [32m200[0m 0.234 ms - 57[0m
[0mGET /api/health [32m200[0m 0.238 ms - 57[0m
[0mGET /api/notifications [36m304[0m 397.253 ms - -[0m
[0mGET /api/health [32m200[0m 0.196 ms - 57[0m
[0mGET /api/health [32m200[0m 0.205 ms - 57[0m
[0mGET /api/health [32m200[0m 0.157 ms - 57[0m
[0mGET /api/health [32m200[0m 0.172 ms - 57[0m
[0mGET /api/health [32m200[0m 0.193 ms - 57[0m
[0mGET /api/health [32m200[0m 0.207 ms - 57[0m
[0mGET /api/health [32m200[0m 0.199 ms - 57[0m
[0mGET /api/health [32m200[0m 0.335 ms - 57[0m
[0mGET /api/health [32m200[0m 0.254 ms - 57[0m
[0mGET /api/health [32m200[0m 0.155 ms - 57[0m
[0mGET /api/health [32m200[0m 0.134 ms - 57[0m
[0mGET /api/notifications [36m304[0m 320.271 ms - -[0m
[0mGET /api/health [32m200[0m 0.153 ms - 57[0m
[0mGET /api/health [32m200[0m 0.199 ms - 57[0m
[0mGET /api/health [32m200[0m 0.140 ms - 57[0m
[0mGET /api/health [32m200[0m 0.218 ms - 57[0m
[0mGET /api/health [32m200[0m 0.175 ms - 57[0m
[0mGET /api/health [32m200[0m 0.313 ms - 57[0m
[0mGET /api/health [32m200[0m 0.131 ms - 57[0m
[0mGET /api/health [32m200[0m 0.208 ms - 57[0m
[0mGET /api/health [32m200[0m 0.188 ms - 57[0m
[0mGET /api/health [32m200[0m 0.155 ms - 57[0m
[0mGET /api/notifications [36m304[0m 349.263 ms - -[0m
[0mGET /api/health [32m200[0m 0.167 ms - 57[0m
[0mGET /api/health [32m200[0m 0.142 ms - 57[0m
[0mGET /api/health [32m200[0m 0.239 ms - 57[0m
[0mGET /api/health [32m200[0m 0.177 ms - 57[0m
[0mGET /api/health [32m200[0m 0.262 ms - 57[0m
[0mGET /api/health [32m200[0m 0.172 ms - 57[0m
[0mGET /api/health [32m200[0m 0.154 ms - 57[0m
[0mGET /api/health [32m200[0m 0.162 ms - 57[0m
[0mGET /api/health [32m200[0m 0.281 ms - 57[0m
[0mGET /api/health [32m200[0m 0.151 ms - 57[0m
[0mGET /api/notifications [36m304[0m 808.519 ms - -[0m
[0mGET /api/health [32m200[0m 0.160 ms - 57[0m
[0mGET /api/health [32m200[0m 0.256 ms - 57[0m
[0mGET /api/health [32m200[0m 0.143 ms - 57[0m
[0mGET /api/health [32m200[0m 0.333 ms - 57[0m
[0mGET /api/health [32m200[0m 0.202 ms - 57[0m
[0mGET /api/health [32m200[0m 0.242 ms - 57[0m
[0mGET /api/health [32m200[0m 0.236 ms - 57[0m
[0mGET /api/health [32m200[0m 0.229 ms - 57[0m
[0mGET /api/health [32m200[0m 0.154 ms - 57[0m
[0mGET /api/health [32m200[0m 0.276 ms - 57[0m
[0mGET /api/notifications [36m304[0m 268.039 ms - -[0m
[0mGET /api/health [32m200[0m 0.198 ms - 57[0m
[0mGET /api/health [32m200[0m 0.143 ms - 57[0m
[0mGET /api/health [32m200[0m 0.236 ms - 57[0m
[0mGET /api/health [32m200[0m 0.150 ms - 57[0m
[0mGET /api/health [32m200[0m 0.136 ms - 57[0m
[0mGET /api/health [32m200[0m 0.180 ms - 57[0m
[0mGET /api/health [32m200[0m 0.463 ms - 57[0m
[0mGET /api/health [32m200[0m 0.201 ms - 57[0m
[0mGET /api/health [32m200[0m 0.166 ms - 57[0m
[0mGET /api/health [32m200[0m 0.160 ms - 57[0m
[0mGET /api/notifications [36m304[0m 353.923 ms - -[0m
[0mGET /api/health [32m200[0m 0.184 ms - 57[0m
[0mGET /api/health [32m200[0m 0.226 ms - 57[0m
[0mGET /api/health [32m200[0m 0.183 ms - 57[0m
[0mGET /api/health [32m200[0m 0.144 ms - 57[0m
[0mGET /api/health [32m200[0m 0.172 ms - 57[0m
[0mGET /api/health [32m200[0m 0.155 ms - 57[0m
[0mGET /api/health [32m200[0m 0.259 ms - 57[0m
[0mGET /api/health [32m200[0m 0.186 ms - 57[0m
[0mGET /api/health [32m200[0m 0.210 ms - 57[0m
[0mGET /api/health [32m200[0m 0.203 ms - 57[0m
[0mGET /api/notifications [36m304[0m 271.952 ms - -[0m
[0mGET /api/health [32m200[0m 0.248 ms - 57[0m
[0mGET /api/health [32m200[0m 0.166 ms - 57[0m
[0mGET /api/health [32m200[0m 0.224 ms - 57[0m
[0mGET /api/health [32m200[0m 0.189 ms - 57[0m
[0mGET /api/health [32m200[0m 0.246 ms - 57[0m
[0mGET /api/health [32m200[0m 0.156 ms - 57[0m
[0mGET /api/health [32m200[0m 0.154 ms - 57[0m
[0mGET /api/health [32m200[0m 0.223 ms - 57[0m
[0mGET /api/health [32m200[0m 0.223 ms - 57[0m
[0mGET /api/health [32m200[0m 0.151 ms - 57[0m
[0mGET /api/notifications [36m304[0m 285.079 ms - -[0m
[0mGET /api/health [32m200[0m 0.210 ms - 57[0m
[0mGET /api/health [32m200[0m 0.432 ms - 57[0m
[0mGET /api/health [32m200[0m 0.201 ms - 57[0m
[0mGET /api/health [32m200[0m 0.264 ms - 57[0m
[0mGET /api/health [32m200[0m 0.201 ms - 57[0m
[0mGET /api/health [32m200[0m 0.241 ms - 57[0m
[0mGET /api/health [32m200[0m 0.210 ms - 57[0m
[0mGET /api/health [32m200[0m 0.183 ms - 57[0m
[0mGET /api/health [32m200[0m 0.156 ms - 57[0m
[0mGET /api/health [32m200[0m 0.194 ms - 57[0m
[0mGET /api/health [32m200[0m 0.191 ms - 57[0m
[0mGET /api/notifications [36m304[0m 833.551 ms - -[0m
[0mGET /api/health [32m200[0m 0.166 ms - 57[0m
[0mGET /api/health [32m200[0m 0.228 ms - 57[0m
[0mGET /api/health [32m200[0m 0.329 ms - 57[0m
[0mGET /api/health [32m200[0m 0.383 ms - 57[0m
[0mGET /api/health [32m200[0m 0.165 ms - 57[0m
[0mGET /api/health [32m200[0m 0.137 ms - 57[0m
[0mGET /api/health [32m200[0m 0.138 ms - 57[0m
[0mGET /api/health [32m200[0m 0.166 ms - 57[0m
[0mGET /api/health [32m200[0m 0.192 ms - 57[0m
[0mGET /api/health [32m200[0m 0.244 ms - 57[0m
[0mGET /api/notifications [36m304[0m 271.586 ms - -[0m
[0mGET /api/health [32m200[0m 0.414 ms - 57[0m
[0mGET /api/health [32m200[0m 0.196 ms - 57[0m
[0mGET /api/health [32m200[0m 0.163 ms - 57[0m
[0mGET /api/health [32m200[0m 0.160 ms - 57[0m
[0mGET /api/health [32m200[0m 0.188 ms - 57[0m
[0mGET /api/health [32m200[0m 0.426 ms - 57[0m
[0mGET /api/health [32m200[0m 0.219 ms - 57[0m
[0mGET /api/health [32m200[0m 0.252 ms - 57[0m
[0mGET /api/health [32m200[0m 0.154 ms - 57[0m
[0mGET /api/health [32m200[0m 0.236 ms - 57[0m
[0mGET /api/notifications [36m304[0m 405.284 ms - -[0m
[0mGET /api/health [32m200[0m 0.159 ms - 57[0m
[0mGET /api/health [32m200[0m 0.142 ms - 57[0m
[0mGET /api/health [32m200[0m 0.135 ms - 57[0m
[0mGET /api/health [32m200[0m 0.214 ms - 57[0m
[0mGET /api/health [32m200[0m 0.984 ms - 57[0m
[0mGET /api/health [32m200[0m 0.203 ms - 57[0m
[0mGET /api/health [32m200[0m 0.203 ms - 57[0m
[0mGET /api/health [32m200[0m 0.248 ms - 57[0m
[0mGET /api/health [32m200[0m 0.223 ms - 57[0m
[0mGET /api/health [32m200[0m 0.158 ms - 57[0m
[0mGET /api/notifications [36m304[0m 311.145 ms - -[0m
[0mGET /api/health [32m200[0m 0.140 ms - 57[0m
[0mGET /api/health [32m200[0m 0.206 ms - 57[0m
[0mGET /api/health [32m200[0m 0.184 ms - 57[0m
[0mGET /api/health [32m200[0m 0.168 ms - 57[0m
[0mGET /api/health [32m200[0m 0.197 ms - 57[0m
[0mGET /api/health [32m200[0m 0.144 ms - 57[0m
[0mGET /api/health [32m200[0m 0.262 ms - 57[0m
[0mGET /api/health [32m200[0m 0.331 ms - 57[0m
[0mGET /api/health [32m200[0m 0.159 ms - 57[0m
[0mGET /api/health [32m200[0m 0.255 ms - 57[0m
[0mGET /api/health [32m200[0m 0.169 ms - 57[0m
[0mGET /api/notifications [36m304[0m 274.072 ms - -[0m
[0mGET /api/health [32m200[0m 0.332 ms - 57[0m
[0mGET /api/health [32m200[0m 0.149 ms - 57[0m
[0mGET /api/health [32m200[0m 0.199 ms - 57[0m
[0mGET /api/health [32m200[0m 0.187 ms - 57[0m
[0mGET /api/health [32m200[0m 0.154 ms - 57[0m
[0mGET /api/health [32m200[0m 0.228 ms - 57[0m
[0mGET /api/health [32m200[0m 0.150 ms - 57[0m
[0mGET /api/health [32m200[0m 0.217 ms - 57[0m
[0mGET /api/health [32m200[0m 0.236 ms - 57[0m
[0mGET /api/health [32m200[0m 0.186 ms - 57[0m
[0mGET /api/notifications [36m304[0m 323.378 ms - -[0m
[0mGET /api/health [32m200[0m 0.144 ms - 57[0m
[0mGET /api/health [32m200[0m 0.156 ms - 57[0m
[0mGET /api/health [32m200[0m 0.174 ms - 57[0m
[0mGET /api/health [32m200[0m 0.178 ms - 57[0m
[0mGET /api/health [32m200[0m 0.292 ms - 57[0m
[0mGET /api/health [32m200[0m 0.147 ms - 57[0m
[0mGET /api/health [32m200[0m 0.132 ms - 57[0m
[0mGET /api/health [32m200[0m 0.130 ms - 57[0m
[0mGET /api/health [32m200[0m 0.126 ms - 57[0m
[0mGET /api/health [32m200[0m 0.164 ms - 57[0m
[0mGET /api/notifications [36m304[0m 277.248 ms - -[0m
[0mGET /api/health [32m200[0m 0.255 ms - 57[0m
[0mGET /api/health [32m200[0m 0.149 ms - 57[0m
[0mGET /api/health [32m200[0m 0.187 ms - 57[0m
[0mGET /api/health [32m200[0m 0.183 ms - 57[0m
[0mGET /api/health [32m200[0m 0.210 ms - 57[0m
[0mGET /api/health [32m200[0m 0.149 ms - 57[0m
[0mGET /api/health [32m200[0m 0.118 ms - 57[0m
[0mGET /api/health [32m200[0m 0.130 ms - 57[0m
[0mGET /api/health [32m200[0m 0.141 ms - 57[0m
[0mGET /api/health [32m200[0m 0.198 ms - 57[0m
[0mGET /api/notifications [36m304[0m 808.473 ms - -[0m
[0mGET /api/health [32m200[0m 0.210 ms - 57[0m
[0mGET /api/health [32m200[0m 0.165 ms - 57[0m
[0mGET /api/health [32m200[0m 0.222 ms - 57[0m
[0mGET /api/health [32m200[0m 0.138 ms - 57[0m
[0mGET /api/health [32m200[0m 0.169 ms - 57[0m
[0mGET /api/health [32m200[0m 0.176 ms - 57[0m
[0mGET /api/health [32m200[0m 0.241 ms - 57[0m
[0mGET /api/health [32m200[0m 0.158 ms - 57[0m
[0mGET /api/health [32m200[0m 0.177 ms - 57[0m
[0mGET /api/health [32m200[0m 0.215 ms - 57[0m
[0mGET /api/health [32m200[0m 0.150 ms - 57[0m
[0mGET /api/notifications [36m304[0m 306.149 ms - -[0m
[0mGET /api/health [32m200[0m 0.137 ms - 57[0m
[0mGET /api/health [32m200[0m 0.199 ms - 57[0m
[0mGET /api/health [32m200[0m 0.180 ms - 57[0m
[0mGET /api/health [32m200[0m 0.203 ms - 57[0m
[0mGET /api/health [32m200[0m 0.209 ms - 57[0m
[0mGET /api/health [32m200[0m 0.137 ms - 57[0m
[0mGET /api/health [32m200[0m 0.147 ms - 57[0m
[0mGET /api/health [32m200[0m 0.181 ms - 57[0m
[0mGET /api/health [32m200[0m 0.206 ms - 57[0m
[0mGET /api/health [32m200[0m 0.214 ms - 57[0m
[0mGET /api/notifications [36m304[0m 323.622 ms - -[0m
[0mGET /api/health [32m200[0m 0.142 ms - 57[0m
[0mGET /api/health [32m200[0m 0.131 ms - 57[0m
[0mGET /api/health [32m200[0m 0.140 ms - 57[0m
[0mGET /api/health [32m200[0m 0.148 ms - 57[0m
[0mGET /api/health [32m200[0m 0.160 ms - 57[0m
[0mGET /api/health [32m200[0m 0.154 ms - 57[0m
[0mGET /api/health [32m200[0m 0.140 ms - 57[0m
[0mGET /api/health [32m200[0m 0.219 ms - 57[0m
[0mGET /api/health [32m200[0m 0.186 ms - 57[0m
[0mGET /api/health [32m200[0m 0.187 ms - 57[0m
[0mGET /api/notifications [36m304[0m 301.641 ms - -[0m
[0mGET /api/health [32m200[0m 0.192 ms - 57[0m
[0mGET /api/health [32m200[0m 0.244 ms - 57[0m
[0mGET /api/health [32m200[0m 0.292 ms - 57[0m
[0mGET /api/health [32m200[0m 0.134 ms - 57[0m
[0mGET /api/health [32m200[0m 0.131 ms - 57[0m
[0mGET /api/health [32m200[0m 0.154 ms - 57[0m
[0mGET /api/health [32m200[0m 0.165 ms - 57[0m
[0mGET /api/health [32m200[0m 0.206 ms - 57[0m
[0mGET /api/health [32m200[0m 0.172 ms - 57[0m
[0mGET /api/health [32m200[0m 0.177 ms - 57[0m
[0mGET /api/notifications [36m304[0m 283.142 ms - -[0m
[0mGET /api/health [32m200[0m 0.201 ms - 57[0m
[0mGET /api/health [32m200[0m 0.205 ms - 57[0m
[0mGET /api/health [32m200[0m 0.163 ms - 57[0m
[0mGET /api/health [32m200[0m 0.196 ms - 57[0m
[0mGET /api/health [32m200[0m 0.159 ms - 57[0m
[0mGET /api/health [32m200[0m 0.174 ms - 57[0m
[0mGET /api/health [32m200[0m 0.231 ms - 57[0m
[0mGET /api/health [32m200[0m 0.321 ms - 57[0m
[0mGET /api/health [32m200[0m 0.192 ms - 57[0m
[0mGET /api/health [32m200[0m 0.172 ms - 57[0m
[0mGET /api/health [32m200[0m 0.212 ms - 57[0m
[0mGET /api/notifications [36m304[0m 451.355 ms - -[0m
[0mGET /api/health [32m200[0m 0.142 ms - 57[0m
[0mGET /api/health [32m200[0m 0.181 ms - 57[0m
[0mGET /api/health [32m200[0m 0.153 ms - 57[0m
[0mGET /api/health [32m200[0m 0.194 ms - 57[0m
[0mGET /api/health [32m200[0m 0.132 ms - 57[0m
[0mGET /api/health [32m200[0m 0.196 ms - 57[0m
[0mGET /api/health [32m200[0m 0.218 ms - 57[0m
[0mGET /api/health [32m200[0m 0.153 ms - 57[0m
[0mGET /api/health [32m200[0m 0.177 ms - 57[0m
[0mGET /api/health [32m200[0m 0.223 ms - 57[0m
[0mGET /api/notifications [36m304[0m 340.398 ms - -[0m
[0mGET /api/health [32m200[0m 0.162 ms - 57[0m
[0mGET /api/health [32m200[0m 0.193 ms - 57[0m
[0mGET /api/health [32m200[0m 0.125 ms - 57[0m
[0mGET /api/health [32m200[0m 0.162 ms - 57[0m
[0mGET /api/health [32m200[0m 0.141 ms - 57[0m
[0mGET /api/health [32m200[0m 0.148 ms - 57[0m
[0mGET /api/health [32m200[0m 0.187 ms - 57[0m
[0mGET /api/health [32m200[0m 0.134 ms - 57[0m
[0mGET /api/health [32m200[0m 0.151 ms - 57[0m
[0mGET /api/health [32m200[0m 0.152 ms - 57[0m
[0mGET /api/health [32m200[0m 0.145 ms - 57[0m
[0mGET /api/notifications [36m304[0m 328.681 ms - -[0m
[0mGET /api/health [32m200[0m 0.163 ms - 57[0m
[0mGET /api/health [32m200[0m 0.135 ms - 57[0m
[0mGET /api/health [32m200[0m 0.132 ms - 57[0m
[0mGET /api/health [32m200[0m 0.210 ms - 57[0m
[0mGET /api/health [32m200[0m 0.140 ms - 57[0m
[0mGET /api/health [32m200[0m 0.130 ms - 57[0m
[0mGET /api/health [32m200[0m 0.132 ms - 57[0m
[0mGET /api/health [32m200[0m 0.195 ms - 57[0m
[0mGET /api/health [32m200[0m 0.220 ms - 57[0m
[0mGET /api/health [32m200[0m 0.126 ms - 57[0m
[0mGET /api/notifications [36m304[0m 304.632 ms - -[0m
[0mGET /api/health [32m200[0m 0.217 ms - 57[0m
[0mGET /api/health [32m200[0m 0.204 ms - 57[0m
[0mGET /api/health [32m200[0m 0.335 ms - 57[0m
[0mGET /api/health [32m200[0m 0.145 ms - 57[0m
[0mGET /api/health [32m200[0m 0.189 ms - 57[0m
[0mGET /api/health [32m200[0m 0.140 ms - 57[0m
[0mGET /api/health [32m200[0m 0.158 ms - 57[0m
[0mGET /api/health [32m200[0m 0.203 ms - 57[0m
[0mGET /api/health [32m200[0m 0.249 ms - 57[0m
[0mGET /api/health [32m200[0m 0.179 ms - 57[0m
[0mGET /api/notifications [36m304[0m 298.011 ms - -[0m
[0mGET /api/health [32m200[0m 0.177 ms - 57[0m
[0mGET /api/health [32m200[0m 0.209 ms - 57[0m
[0mGET /api/health [32m200[0m 0.191 ms - 57[0m
[0mGET /api/health [32m200[0m 0.188 ms - 57[0m
[0mGET /api/health [32m200[0m 0.127 ms - 57[0m
[0mGET /api/health [32m200[0m 0.253 ms - 57[0m
[0mGET /api/health [32m200[0m 0.233 ms - 57[0m
[0mGET /api/health [32m200[0m 0.248 ms - 57[0m
[0mGET /api/health [32m200[0m 0.212 ms - 57[0m
[0mGET /api/health [32m200[0m 0.199 ms - 57[0m
[0mGET /api/health [32m200[0m 0.182 ms - 57[0m
[0mGET /api/notifications [36m304[0m 384.397 ms - -[0m
[0mGET /api/health [32m200[0m 0.220 ms - 57[0m
[0mGET /api/health [32m200[0m 0.144 ms - 57[0m
[0mGET /api/health [32m200[0m 0.268 ms - 57[0m
[0mGET /api/health [32m200[0m 0.159 ms - 57[0m
[0mGET /api/health [32m200[0m 0.197 ms - 57[0m
[0mGET /api/health [32m200[0m 0.155 ms - 57[0m
[0mGET /api/health [32m200[0m 0.213 ms - 57[0m
[0mGET /api/health [32m200[0m 0.146 ms - 57[0m
[0mGET /api/health [32m200[0m 0.138 ms - 57[0m
[0mGET /api/health [32m200[0m 0.140 ms - 57[0m
[0mGET /api/notifications [36m304[0m 283.549 ms - -[0m
[0mGET /api/health [32m200[0m 0.141 ms - 57[0m
[0mGET /api/health [32m200[0m 0.186 ms - 57[0m
[0mGET /api/health [32m200[0m 0.173 ms - 57[0m
[0mGET /api/health [32m200[0m 0.232 ms - 57[0m
[0mGET /api/health [32m200[0m 0.289 ms - 57[0m
[0mGET /api/health [32m200[0m 0.174 ms - 57[0m
[0mGET /api/health [32m200[0m 0.138 ms - 57[0m
[0mGET /api/health [32m200[0m 0.190 ms - 57[0m
[0mGET /api/health [32m200[0m 0.206 ms - 57[0m
[0mGET /api/health [32m200[0m 0.122 ms - 57[0m
[0mGET /api/health [32m200[0m 0.187 ms - 57[0m
[0mGET /api/notifications [36m304[0m 606.695 ms - -[0m
[0mGET /api/health [32m200[0m 0.145 ms - 57[0m
[0mGET /api/health [32m200[0m 0.234 ms - 57[0m
[0mGET /api/health [32m200[0m 0.172 ms - 57[0m
[0mGET /api/health [32m200[0m 0.185 ms - 57[0m
[0mGET /api/health [32m200[0m 0.147 ms - 57[0m
[0mGET /api/health [32m200[0m 0.441 ms - 57[0m
[0mGET /api/health [32m200[0m 0.168 ms - 57[0m
[0mGET /api/health [32m200[0m 0.141 ms - 57[0m
[0mGET /api/health [32m200[0m 0.125 ms - 57[0m
[0mGET /api/health [32m200[0m 0.122 ms - 57[0m
[0mGET /api/notifications [36m304[0m 410.680 ms - -[0m
[0mGET /api/health [32m200[0m 0.208 ms - 57[0m
[0mGET /api/health [32m200[0m 0.152 ms - 57[0m
[0mGET /api/health [32m200[0m 0.175 ms - 57[0m
[0mGET /api/health [32m200[0m 0.165 ms - 57[0m
[0mGET /api/health [32m200[0m 0.167 ms - 57[0m
[0mGET /api/health [32m200[0m 0.184 ms - 57[0m
[0mGET /api/health [32m200[0m 0.168 ms - 57[0m
[0mGET /api/health [32m200[0m 0.181 ms - 57[0m
[0mGET /api/health [32m200[0m 0.280 ms - 57[0m
[0mGET /api/health [32m200[0m 0.173 ms - 57[0m
[0mGET /api/notifications [36m304[0m 316.874 ms - -[0m
[0mGET /api/health [32m200[0m 0.184 ms - 57[0m
[0mGET /api/health [32m200[0m 0.133 ms - 57[0m
[0mGET /api/health [32m200[0m 0.135 ms - 57[0m
[0mGET /api/health [32m200[0m 0.164 ms - 57[0m
[0mGET /api/health [32m200[0m 0.215 ms - 57[0m
[0mGET /api/health [32m200[0m 0.158 ms - 57[0m
[0mGET /api/health [32m200[0m 0.187 ms - 57[0m
[0mGET /api/health [32m200[0m 0.139 ms - 57[0m
[0mGET /api/health [32m200[0m 0.144 ms - 57[0m
[0mGET /api/health [32m200[0m 0.183 ms - 57[0m
[0mGET /api/health [32m200[0m 0.190 ms - 57[0m
[0mGET /api/notifications [36m304[0m 379.834 ms - -[0m
[0mGET /api/health [32m200[0m 0.152 ms - 57[0m
[0mGET /api/health [32m200[0m 0.151 ms - 57[0m
[0mGET /api/health [32m200[0m 0.129 ms - 57[0m
[0mGET /api/health [32m200[0m 0.170 ms - 57[0m
[0mGET /api/health [32m200[0m 0.197 ms - 57[0m
[0mGET /api/health [32m200[0m 0.160 ms - 57[0m
[0mGET /api/health [32m200[0m 0.210 ms - 57[0m
[0mGET /api/health [32m200[0m 0.158 ms - 57[0m
[0mGET /api/health [32m200[0m 0.221 ms - 57[0m
[0mGET /api/health [32m200[0m 0.134 ms - 57[0m
[0mGET /api/notifications [36m304[0m 303.671 ms - -[0m
[0mGET /api/health [32m200[0m 0.120 ms - 57[0m
[0mGET /api/health [32m200[0m 0.124 ms - 57[0m
[0mGET /api/health [32m200[0m 0.195 ms - 57[0m
[0mGET /api/health [32m200[0m 0.149 ms - 57[0m
[0mGET /api/health [32m200[0m 0.131 ms - 57[0m
[0mGET /api/health [32m200[0m 0.132 ms - 57[0m
[0mGET /api/health [32m200[0m 0.192 ms - 57[0m
[0mGET /api/health [32m200[0m 0.126 ms - 57[0m
[0mGET /api/health [32m200[0m 0.217 ms - 57[0m
[0mGET /api/health [32m200[0m 0.202 ms - 57[0m
[0mGET /api/notifications [36m304[0m 299.293 ms - -[0m
[0mGET /api/health [32m200[0m 0.194 ms - 57[0m
[0mGET /api/health [32m200[0m 0.180 ms - 57[0m
[0mGET /api/health [32m200[0m 0.123 ms - 57[0m
[0mGET /api/health [32m200[0m 0.194 ms - 57[0m
[0mGET /api/health [32m200[0m 0.200 ms - 57[0m
[0mGET /api/health [32m200[0m 0.159 ms - 57[0m
[0mGET /api/health [32m200[0m 0.143 ms - 57[0m
[0mGET /api/health [32m200[0m 0.176 ms - 57[0m
[0mGET /api/health [32m200[0m 0.156 ms - 57[0m
[0mGET /api/health [32m200[0m 0.214 ms - 57[0m
[0mGET /api/health [32m200[0m 0.167 ms - 57[0m
[0mGET /api/notifications [36m304[0m 294.474 ms - -[0m
[0mGET /api/health [32m200[0m 0.135 ms - 57[0m
[0mGET /api/health [32m200[0m 0.138 ms - 57[0m
[0mGET /api/health [32m200[0m 0.122 ms - 57[0m
[0mGET /api/health [32m200[0m 0.140 ms - 57[0m
[0mGET /api/health [32m200[0m 0.224 ms - 57[0m
[0mGET /api/health [32m200[0m 0.126 ms - 57[0m
[0mGET /api/health [32m200[0m 0.160 ms - 57[0m
[0mGET /api/health [32m200[0m 0.127 ms - 57[0m
[0mGET /api/health [32m200[0m 0.151 ms - 57[0m
[0mGET /api/health [32m200[0m 0.140 ms - 57[0m
[0mGET /api/notifications [36m304[0m 289.511 ms - -[0m
[0mGET /api/health [32m200[0m 0.170 ms - 57[0m
[0mGET /api/health [32m200[0m 0.193 ms - 57[0m
[0mGET /api/health [32m200[0m 0.171 ms - 57[0m
[0mGET /api/health [32m200[0m 0.186 ms - 57[0m
[0mGET /api/health [32m200[0m 0.140 ms - 57[0m
[0mGET /api/health [32m200[0m 0.184 ms - 57[0m
[0mGET /api/health [32m200[0m 0.180 ms - 57[0m
[0mGET /api/health [32m200[0m 0.169 ms - 57[0m
[0mGET /api/health [32m200[0m 0.134 ms - 57[0m
[0mGET /api/health [32m200[0m 0.139 ms - 57[0m
[0mGET /api/notifications [33m401[0m 360.527 ms - 36[0m
[0mGET /api/health [32m200[0m 0.127 ms - 57[0m
[0mGET /api/health [32m200[0m 0.194 ms - 57[0m
[0mGET /api/health [32m200[0m 0.262 ms - 57[0m
[0mGET /api/health [32m200[0m 0.346 ms - 57[0m
[0mGET /api/health [32m200[0m 0.134 ms - 57[0m
[0mGET /api/health [32m200[0m 0.137 ms - 57[0m
[0mGET /api/health [32m200[0m 0.219 ms - 57[0m
[0mGET /api/health [32m200[0m 0.155 ms - 57[0m
[0mGET /api/health [32m200[0m 0.136 ms - 57[0m
[0mGET /api/health [32m200[0m 0.178 ms - 57[0m
[0mGET /api/health [32m200[0m 0.150 ms - 57[0m
[0mGET /api/notifications [33m401[0m 348.143 ms - 36[0m
[0mGET /api/health [32m200[0m 0.196 ms - 57[0m
[0mGET /api/health [32m200[0m 0.140 ms - 57[0m
[0mGET /api/health [32m200[0m 0.179 ms - 57[0m
[0mGET /api/health [32m200[0m 0.175 ms - 57[0m
[0mGET /api/health [32m200[0m 0.169 ms - 57[0m
[0mGET /api/health [32m200[0m 0.169 ms - 57[0m
[0mGET /api/health [32m200[0m 0.196 ms - 57[0m
[0mGET /api/health [32m200[0m 0.206 ms - 57[0m
[0mGET /api/health [32m200[0m 0.154 ms - 57[0m
[0mGET /api/health [32m200[0m 0.179 ms - 57[0m
[0mGET /api/notifications [33m401[0m 235.651 ms - 36[0m
[0mGET /api/health [32m200[0m 0.188 ms - 57[0m
[0mGET /api/health [32m200[0m 0.164 ms - 57[0m
[0mGET /api/health [32m200[0m 0.170 ms - 57[0m
[0mGET /api/health [32m200[0m 0.171 ms - 57[0m
[0mGET /api/health [32m200[0m 0.145 ms - 57[0m
[0mGET /api/health [32m200[0m 0.187 ms - 57[0m
[0mGET /api/health [32m200[0m 0.142 ms - 57[0m
[0mGET /api/health [32m200[0m 0.256 ms - 57[0m
[0mGET /api/health [32m200[0m 0.130 ms - 57[0m
[0mGET /api/health [32m200[0m 0.225 ms - 57[0m
[0mGET /api/notifications [33m401[0m 212.274 ms - 36[0m
[0mGET /api/health [32m200[0m 0.133 ms - 57[0m
[0mGET /api/health [32m200[0m 0.172 ms - 57[0m
[0mGET /api/health [32m200[0m 0.123 ms - 57[0m
[0mGET /api/health [32m200[0m 0.143 ms - 57[0m
[0mGET /api/health [32m200[0m 0.133 ms - 57[0m
[0mGET /api/health [32m200[0m 0.123 ms - 57[0m
[0mGET /api/health [32m200[0m 0.232 ms - 57[0m
[0mGET /api/health [32m200[0m 0.133 ms - 57[0m
[0mGET /api/health [32m200[0m 0.206 ms - 57[0m
[0mGET /api/health [32m200[0m 0.123 ms - 57[0m
[0mGET /api/health [32m200[0m 0.128 ms - 57[0m
[0mGET /api/notifications [33m401[0m 293.026 ms - 36[0m
[0mGET /api/health [32m200[0m 0.141 ms - 57[0m
[0mGET /api/health [32m200[0m 0.226 ms - 57[0m
[0mGET /api/health [32m200[0m 0.139 ms - 57[0m
[0mGET /api/health [32m200[0m 0.181 ms - 57[0m
[0mGET /api/health [32m200[0m 0.186 ms - 57[0m
[0mGET /api/health [32m200[0m 0.186 ms - 57[0m
[0mGET /api/health [32m200[0m 0.120 ms - 57[0m
[0mGET /api/health [32m200[0m 0.132 ms - 57[0m
[0mGET /api/health [32m200[0m 0.142 ms - 57[0m
[0mGET /api/health [32m200[0m 0.127 ms - 57[0m
[0mGET /api/notifications [33m401[0m 267.095 ms - 36[0m
[0mGET /api/health [32m200[0m 0.124 ms - 57[0m
[0mGET /api/health [32m200[0m 0.146 ms - 57[0m
[0mGET /api/health [32m200[0m 0.122 ms - 57[0m
[0mGET /api/health [32m200[0m 0.142 ms - 57[0m
[0mGET /api/health [32m200[0m 0.172 ms - 57[0m
[0mGET /api/health [32m200[0m 0.257 ms - 57[0m
[0mGET /api/health [32m200[0m 0.203 ms - 57[0m
[0mGET /api/health [32m200[0m 0.131 ms - 57[0m
[0mGET /api/health [32m200[0m 0.150 ms - 57[0m
[0mGET /api/health [32m200[0m 0.134 ms - 57[0m
[0mGET /api/notifications [33m401[0m 184.146 ms - 36[0m
[0mGET /api/health [32m200[0m 0.123 ms - 57[0m
[0mGET /api/health [32m200[0m 0.129 ms - 57[0m
[0mGET /api/health [32m200[0m 0.176 ms - 57[0m
[0mGET /api/health [32m200[0m 0.132 ms - 57[0m
[0mGET /api/health [32m200[0m 0.141 ms - 57[0m
[0mGET /api/health [32m200[0m 0.201 ms - 57[0m
[0mGET /api/health [32m200[0m 0.175 ms - 57[0m
[0mGET /api/health [32m200[0m 0.166 ms - 57[0m
[0mGET /api/health [32m200[0m 0.170 ms - 57[0m
[0mGET /api/health [32m200[0m 0.190 ms - 57[0m
[0mGET /api/health [32m200[0m 0.117 ms - 57[0m
[0mGET /api/notifications [33m401[0m 189.410 ms - 36[0m
[0mGET /api/health [32m200[0m 0.149 ms - 57[0m
[0mGET /api/health [32m200[0m 0.121 ms - 57[0m
[0mGET /api/health [32m200[0m 0.121 ms - 57[0m
[0mGET /api/health [32m200[0m 0.159 ms - 57[0m
[0mGET /api/health [32m200[0m 0.147 ms - 57[0m
[0mGET /api/health [32m200[0m 0.202 ms - 57[0m
[0mGET /api/health [32m200[0m 0.155 ms - 57[0m
[0mGET /api/health [32m200[0m 0.180 ms - 57[0m
[0mGET /api/health [32m200[0m 0.135 ms - 57[0m
[0mGET /api/health [32m200[0m 0.128 ms - 57[0m
[0mGET /api/notifications [33m401[0m 186.333 ms - 36[0m
[0mGET /api/health [32m200[0m 0.145 ms - 57[0m
[0mGET /api/health [32m200[0m 0.173 ms - 57[0m
[0mGET /api/health [32m200[0m 0.176 ms - 57[0m
[0mGET /api/health [32m200[0m 0.132 ms - 57[0m
[0mGET /api/health [32m200[0m 0.194 ms - 57[0m
[0mGET /api/health [32m200[0m 0.174 ms - 57[0m
[0mGET /api/health [32m200[0m 0.200 ms - 57[0m
[0mGET /api/health [32m200[0m 0.152 ms - 57[0m
[0mGET /api/health [32m200[0m 0.161 ms - 57[0m
[0mGET /api/health [32m200[0m 0.134 ms - 57[0m
[0mGET /api/health [32m200[0m 0.162 ms - 57[0m
[0mGET /api/notifications [33m401[0m 187.798 ms - 36[0m
[0mGET /api/health [32m200[0m 0.133 ms - 57[0m
[0mGET /api/health [32m200[0m 0.129 ms - 57[0m
[0mGET /api/health [32m200[0m 0.191 ms - 57[0m
[0mGET /api/health [32m200[0m 0.173 ms - 57[0m
[0mGET /api/health [32m200[0m 0.131 ms - 57[0m
[0mGET /api/health [32m200[0m 0.135 ms - 57[0m
[0mGET /api/health [32m200[0m 0.133 ms - 57[0m
[0mGET /api/health [32m200[0m 0.140 ms - 57[0m
[0mGET /api/health [32m200[0m 0.138 ms - 57[0m
[0mGET /api/health [32m200[0m 0.130 ms - 57[0m
[0mGET /api/notifications [33m401[0m 238.216 ms - 36[0m
[0mGET /api/health [32m200[0m 0.159 ms - 57[0m
[0mGET /api/health [32m200[0m 0.125 ms - 57[0m
[0mGET /api/health [32m200[0m 0.153 ms - 57[0m
[0mGET /api/health [32m200[0m 0.136 ms - 57[0m
[0mGET /api/health [32m200[0m 0.131 ms - 57[0m
[0mGET /api/health [32m200[0m 0.181 ms - 57[0m
[0mGET /api/health [32m200[0m 0.148 ms - 57[0m
[0mGET /api/health [32m200[0m 0.131 ms - 57[0m
[0mGET /api/health [32m200[0m 0.169 ms - 57[0m
[0mGET /api/health [32m200[0m 0.181 ms - 57[0m
[0mGET /api/notifications [33m401[0m 190.637 ms - 36[0m
[0mGET /api/health [32m200[0m 0.142 ms - 57[0m
[0mGET /api/health [32m200[0m 0.139 ms - 57[0m
[0mGET /api/health [32m200[0m 0.160 ms - 57[0m
[0mGET /api/health [32m200[0m 0.124 ms - 57[0m
[0mGET /api/health [32m200[0m 0.133 ms - 57[0m
[0mGET /api/health [32m200[0m 0.179 ms - 57[0m
[0mGET /api/health [32m200[0m 0.124 ms - 57[0m
[0mGET /api/health [32m200[0m 0.134 ms - 57[0m
[0mGET /api/health [32m200[0m 0.144 ms - 57[0m
[0mGET /api/health [32m200[0m 0.130 ms - 57[0m
[0mGET /api/health [32m200[0m 0.462 ms - 57[0m
[0mGET /api/notifications [33m401[0m 186.395 ms - 36[0m
[0mGET /api/health [32m200[0m 0.174 ms - 57[0m
[0mGET /api/health [32m200[0m 0.123 ms - 57[0m
[0mGET /api/health [32m200[0m 0.184 ms - 57[0m
[0mGET /api/health [32m200[0m 0.189 ms - 57[0m
[0mGET /api/health [32m200[0m 0.173 ms - 57[0m
[0mGET /api/health [32m200[0m 0.148 ms - 57[0m
[0mGET /api/health [32m200[0m 0.149 ms - 57[0m
[0mGET /api/health [32m200[0m 0.183 ms - 57[0m
[0mGET /api/health [32m200[0m 0.142 ms - 57[0m
[0mGET /api/health [32m200[0m 0.205 ms - 57[0m
[0mGET /api/notifications [33m401[0m 183.577 ms - 36[0m
[0mGET /api/health [32m200[0m 0.179 ms - 57[0m
[0mGET /api/health [32m200[0m 0.127 ms - 57[0m
[0mGET /api/health [32m200[0m 0.117 ms - 57[0m
[0mGET /api/health [32m200[0m 0.140 ms - 57[0m
[0mGET /api/health [32m200[0m 0.186 ms - 57[0m
[0mGET /api/health [32m200[0m 0.133 ms - 57[0m
[0mGET /api/health [32m200[0m 0.121 ms - 57[0m
[0mGET /api/health [32m200[0m 0.187 ms - 57[0m
[0mGET /api/health [32m200[0m 0.192 ms - 57[0m
[0mGET /api/health [32m200[0m 0.207 ms - 57[0m
[0mGET /api/health [32m200[0m 0.303 ms - 57[0m
[0mGET /api/notifications [33m401[0m 214.512 ms - 36[0m
[0mGET /api/health [32m200[0m 0.175 ms - 57[0m
[0mGET /api/health [32m200[0m 0.277 ms - 57[0m
[0mGET /api/health [32m200[0m 0.146 ms - 57[0m
[0mGET /api/health [32m200[0m 0.208 ms - 57[0m
[0mGET /api/health [32m200[0m 0.129 ms - 57[0m
[0mGET /api/health [32m200[0m 0.143 ms - 57[0m
[0mGET /api/health [32m200[0m 0.141 ms - 57[0m
[0mGET /api/health [32m200[0m 0.164 ms - 57[0m
[0mGET /api/health [32m200[0m 0.213 ms - 57[0m
[0mGET /api/health [32m200[0m 0.117 ms - 57[0m
[0mGET /api/notifications [33m401[0m 193.336 ms - 36[0m
[0mGET /api/health [32m200[0m 0.229 ms - 57[0m
[0mGET /api/health [32m200[0m 0.291 ms - 57[0m
[0mGET /api/health [32m200[0m 0.237 ms - 57[0m
[0mGET /api/health [32m200[0m 0.139 ms - 57[0m
[0mGET /api/health [32m200[0m 0.183 ms - 57[0m
[0mGET /api/health [32m200[0m 0.116 ms - 57[0m
[0mGET /api/health [32m200[0m 0.150 ms - 57[0m
[0mGET /api/health [32m200[0m 0.178 ms - 57[0m
[0mGET /api/health [32m200[0m 0.163 ms - 57[0m
[0mGET /api/health [32m200[0m 0.292 ms - 57[0m
[0mGET /api/notifications [33m401[0m 242.289 ms - 36[0m
[0mGET /api/health [32m200[0m 0.122 ms - 57[0m
[0mGET /api/health [32m200[0m 0.183 ms - 57[0m
[0mGET /api/health [32m200[0m 0.214 ms - 57[0m
[0mGET /api/health [32m200[0m 0.133 ms - 57[0m
[0mGET /api/health [32m200[0m 0.297 ms - 57[0m
[0mGET /api/health [32m200[0m 0.156 ms - 57[0m
[0mGET /api/health [32m200[0m 0.127 ms - 57[0m
[0mGET /api/health [32m200[0m 0.192 ms - 57[0m
[0mGET /api/health [32m200[0m 0.195 ms - 57[0m
[0mGET /api/health [32m200[0m 0.122 ms - 57[0m
[0mGET /api/health [32m200[0m 0.125 ms - 57[0m
[0mGET /api/notifications [33m401[0m 252.674 ms - 36[0m
[0mGET /api/health [32m200[0m 0.139 ms - 57[0m
[0mGET /api/health [32m200[0m 0.149 ms - 57[0m
[0mGET /api/health [32m200[0m 0.136 ms - 57[0m
[0mGET /api/health [32m200[0m 0.166 ms - 57[0m
[0mGET /api/health [32m200[0m 0.284 ms - 57[0m
[0mGET /api/health [32m200[0m 0.148 ms - 57[0m
[0mGET /api/health [32m200[0m 0.139 ms - 57[0m
[0mGET /api/health [32m200[0m 0.130 ms - 57[0m
[0mGET /api/health [32m200[0m 0.143 ms - 57[0m
[0mGET /api/health [32m200[0m 0.141 ms - 57[0m
[0mGET /api/notifications [33m401[0m 215.803 ms - 36[0m
[0mGET /api/health [32m200[0m 0.182 ms - 57[0m
[0mGET /api/health [32m200[0m 0.138 ms - 57[0m
[0mGET /api/health [32m200[0m 0.183 ms - 57[0m
[0mGET /api/health [32m200[0m 0.190 ms - 57[0m
[0mGET /api/health [32m200[0m 0.180 ms - 57[0m
[0mGET /api/health [32m200[0m 0.128 ms - 57[0m
[0mGET /api/health [32m200[0m 0.174 ms - 57[0m
[0mGET /api/health [32m200[0m 0.222 ms - 57[0m
[0mGET /api/health [32m200[0m 0.165 ms - 57[0m
[0mGET /api/health [32m200[0m 0.136 ms - 57[0m
[0mGET /api/health [32m200[0m 0.166 ms - 57[0m
[0mGET /api/notifications [33m401[0m 296.624 ms - 36[0m
[0mGET /api/health [32m200[0m 0.140 ms - 57[0m
[0mGET /api/health [32m200[0m 0.165 ms - 57[0m
[0mGET /api/health [32m200[0m 0.126 ms - 57[0m
[0mGET /api/health [32m200[0m 0.163 ms - 57[0m
[0mGET /api/health [32m200[0m 0.139 ms - 57[0m
[0mGET /api/health [32m200[0m 0.177 ms - 57[0m
[0mGET /api/health [32m200[0m 0.208 ms - 57[0m
[0mGET /api/health [32m200[0m 0.192 ms - 57[0m
[0mGET /api/health [32m200[0m 0.140 ms - 57[0m
[0mGET /api/health [32m200[0m 0.158 ms - 57[0m
[0mGET /api/notifications [33m401[0m 199.757 ms - 36[0m
[0mGET /api/health [32m200[0m 0.176 ms - 57[0m
[0mGET /api/health [32m200[0m 0.161 ms - 57[0m
[0mGET /api/health [32m200[0m 0.211 ms - 57[0m
[0mGET /api/health [32m200[0m 0.124 ms - 57[0m
[0mGET /api/health [32m200[0m 0.185 ms - 57[0m
[0mGET /api/health [32m200[0m 0.179 ms - 57[0m
[0mGET /api/health [32m200[0m 0.132 ms - 57[0m
[0mGET /api/health [32m200[0m 0.257 ms - 57[0m
[0mGET /api/health [32m200[0m 0.144 ms - 57[0m
[0mGET /api/health [32m200[0m 0.152 ms - 57[0m
[0mGET /api/notifications [33m401[0m 287.469 ms - 36[0m
[0mGET /api/health [32m200[0m 0.141 ms - 57[0m
[0mGET /api/health [32m200[0m 0.187 ms - 57[0m
[0mGET /api/health [32m200[0m 0.278 ms - 57[0m
[0mGET /api/health [32m200[0m 0.140 ms - 57[0m
[0mGET /api/health [32m200[0m 0.173 ms - 57[0m
[0mGET /api/health [32m200[0m 0.137 ms - 57[0m
[0mGET /api/health [32m200[0m 0.161 ms - 57[0m
[0mGET /api/health [32m200[0m 0.174 ms - 57[0m
[0mGET /api/health [32m200[0m 0.169 ms - 57[0m
[0mGET /api/health [32m200[0m 0.168 ms - 57[0m
[0mGET /api/notifications [33m401[0m 185.099 ms - 36[0m
[0mGET /api/health [32m200[0m 0.166 ms - 57[0m
[0mGET /api/health [32m200[0m 0.168 ms - 57[0m
[0mGET /api/health [32m200[0m 0.197 ms - 57[0m
[0mGET /api/health [32m200[0m 0.212 ms - 57[0m
[0mGET /api/health [32m200[0m 0.135 ms - 57[0m
[0mGET /api/health [32m200[0m 0.186 ms - 57[0m
[0mGET /api/health [32m200[0m 0.182 ms - 57[0m
[0mGET /api/health [32m200[0m 0.181 ms - 57[0m
[0mGET /api/health [32m200[0m 0.188 ms - 57[0m
[0mGET /api/health [32m200[0m 0.142 ms - 57[0m
[0mGET /api/health [32m200[0m 0.192 ms - 57[0m
[0mGET /api/health [32m200[0m 0.143 ms - 57[0m
[0mGET /api/health [32m200[0m 0.175 ms - 57[0m
[0mGET /api/health [32m200[0m 0.168 ms - 57[0m
[0mGET /api/health [32m200[0m 0.140 ms - 57[0m
[0mGET /api/health [32m200[0m 0.180 ms - 57[0m
[0mGET /api/health [32m200[0m 0.153 ms - 57[0m
[0mGET /api/health [32m200[0m 0.247 ms - 57[0m
[0mGET /api/health [32m200[0m 0.141 ms - 57[0m
[0mGET /api/health [32m200[0m 0.132 ms - 57[0m
[0mGET /api/health [32m200[0m 0.133 ms - 57[0m
[0mGET /api/health [32m200[0m 0.138 ms - 57[0m
[0mGET /api/health [32m200[0m 0.124 ms - 57[0m
[0mGET /api/health [32m200[0m 0.198 ms - 57[0m
[0mGET /api/health [32m200[0m 0.152 ms - 57[0m
[0mGET /api/health [32m200[0m 0.170 ms - 57[0m
[0mGET /api/health [32m200[0m 0.170 ms - 57[0m
[0mGET /api/health [32m200[0m 0.226 ms - 57[0m
[0mGET /api/health [32m200[0m 0.179 ms - 57[0m
[0mGET /api/health [32m200[0m 0.146 ms - 57[0m
[0mGET /api/health [32m200[0m 0.149 ms - 57[0m
[0mGET /api/health [32m200[0m 0.147 ms - 57[0m
[0mGET /api/health [32m200[0m 0.151 ms - 57[0m
[0mGET /api/health [32m200[0m 0.127 ms - 57[0m
[0mGET /api/health [32m200[0m 0.141 ms - 57[0m
[0mGET /api/health [32m200[0m 0.135 ms - 57[0m
[0mGET /api/health [32m200[0m 0.230 ms - 57[0m
[0mGET /api/health [32m200[0m 0.171 ms - 57[0m
[0mGET /api/health [32m200[0m 0.205 ms - 57[0m
[0mGET /api/health [32m200[0m 0.132 ms - 57[0m
[0mGET /api/health [32m200[0m 0.151 ms - 57[0m
[0mGET /api/health [32m200[0m 0.165 ms - 57[0m
[0mGET /api/health [32m200[0m 0.238 ms - 57[0m
[0mGET /api/health [32m200[0m 0.207 ms - 57[0m
[0mGET /api/health [32m200[0m 0.138 ms - 57[0m
[0mGET /api/health [32m200[0m 0.134 ms - 57[0m
[0mGET /api/health [32m200[0m 0.264 ms - 57[0m
[0mGET /api/health [32m200[0m 0.214 ms - 57[0m
[0mGET /api/health [32m200[0m 0.117 ms - 57[0m
[0mGET /api/health [32m200[0m 0.175 ms - 57[0m
[0mGET /api/health [32m200[0m 0.140 ms - 57[0m
[0mGET /api/health [32m200[0m 0.131 ms - 57[0m
[0mGET /api/health [32m200[0m 0.131 ms - 57[0m
[0mGET /api/health [32m200[0m 0.193 ms - 57[0m
[0mGET /api/health [32m200[0m 0.170 ms - 57[0m
[0mGET /api/health [32m200[0m 0.121 ms - 57[0m
[0mGET /api/health [32m200[0m 0.155 ms - 57[0m
[0mGET /api/health [32m200[0m 0.185 ms - 57[0m
[0mGET /api/health [32m200[0m 0.172 ms - 57[0m
[0mGET /api/health [32m200[0m 0.146 ms - 57[0m
[0mGET /api/health [32m200[0m 0.202 ms - 57[0m
[0mGET /api/health [32m200[0m 0.202 ms - 57[0m
[0mGET /api/health [32m200[0m 0.127 ms - 57[0m
[0mGET /api/health [32m200[0m 0.135 ms - 57[0m
[0mGET /api/health [32m200[0m 0.127 ms - 57[0m
[0mGET /api/health [32m200[0m 0.244 ms - 57[0m
[0mGET /api/health [32m200[0m 0.166 ms - 57[0m
[0mGET /api/health [32m200[0m 0.177 ms - 57[0m
[0mGET /api/health [32m200[0m 0.135 ms - 57[0m
[0mGET /api/health [32m200[0m 0.123 ms - 57[0m
[0mGET /api/health [32m200[0m 0.177 ms - 57[0m
[0mGET /api/health [32m200[0m 0.176 ms - 57[0m
[0mGET /api/health [32m200[0m 0.135 ms - 57[0m
[0mGET /api/health [32m200[0m 0.136 ms - 57[0m
[0mGET /api/health [32m200[0m 0.125 ms - 57[0m
[0mGET /api/health [32m200[0m 0.125 ms - 57[0m
[0mGET /api/health [32m200[0m 0.150 ms - 57[0m
[0mGET /api/health [32m200[0m 0.129 ms - 57[0m
[0mGET /api/health [32m200[0m 0.130 ms - 57[0m
[0mGET /api/health [32m200[0m 0.199 ms - 57[0m
[0mGET /api/health [32m200[0m 0.128 ms - 57[0m
[0mGET /api/health [32m200[0m 0.206 ms - 57[0m
[0mGET /api/health [32m200[0m 0.123 ms - 57[0m
[0mGET /api/health [32m200[0m 0.131 ms - 57[0m
[0mGET /api/health [32m200[0m 0.147 ms - 57[0m
[0mGET /api/health [32m200[0m 0.150 ms - 57[0m
[0mGET /api/health [32m200[0m 0.145 ms - 57[0m
[0mGET /api/health [32m200[0m 0.192 ms - 57[0m
[0mGET /api/health [32m200[0m 0.253 ms - 57[0m
[0mGET /api/health [32m200[0m 0.135 ms - 57[0m
[0mGET /api/health [32m200[0m 0.123 ms - 57[0m
[0mGET /api/health [32m200[0m 0.252 ms - 57[0m
[0mGET /api/health [32m200[0m 0.145 ms - 57[0m
[0mGET /api/health [32m200[0m 0.179 ms - 57[0m
[0mGET /api/health [32m200[0m 0.188 ms - 57[0m
[0mGET /api/health [32m200[0m 0.127 ms - 57[0m
[0mGET /api/health [32m200[0m 0.190 ms - 57[0m
[0mGET /api/health [32m200[0m 0.127 ms - 57[0m
[0mGET /api/health [32m200[0m 0.133 ms - 57[0m
[0mGET /api/health [32m200[0m 0.164 ms - 57[0m
[0mGET /api/health [32m200[0m 0.175 ms - 57[0m
[0mGET /api/health [32m200[0m 0.145 ms - 57[0m
[0mGET /api/health [32m200[0m 0.172 ms - 57[0m
[0mGET /api/health [32m200[0m 0.179 ms - 57[0m
[0mGET /api/health [32m200[0m 0.138 ms - 57[0m
[0mGET /api/health [32m200[0m 0.114 ms - 57[0m
[0mGET /api/health [32m200[0m 0.157 ms - 57[0m
[0mGET /api/health [32m200[0m 0.266 ms - 57[0m
[0mGET /api/health [32m200[0m 0.123 ms - 57[0m
[0mGET /api/health [32m200[0m 0.207 ms - 57[0m
[0mGET /api/health [32m200[0m 0.139 ms - 57[0m
[0mGET /api/health [32m200[0m 0.120 ms - 57[0m
[0mGET /api/health [32m200[0m 0.173 ms - 57[0m
[0mGET /api/health [32m200[0m 0.163 ms - 57[0m
[0mGET /api/health [32m200[0m 0.114 ms - 57[0m
[0mGET /api/health [32m200[0m 0.225 ms - 57[0m
[0mGET /api/health [32m200[0m 0.173 ms - 57[0m
[0mGET /api/health [32m200[0m 0.186 ms - 57[0m
[0mGET /api/health [32m200[0m 0.152 ms - 57[0m
[0mGET /api/health [32m200[0m 0.139 ms - 57[0m
[0mGET /api/health [32m200[0m 0.172 ms - 57[0m
[0mGET /api/health [32m200[0m 0.174 ms - 57[0m
[0mGET /api/health [32m200[0m 0.169 ms - 57[0m
[0mGET /api/health [32m200[0m 0.130 ms - 57[0m
[0mGET /api/health [32m200[0m 0.195 ms - 57[0m
[0mGET /api/health [32m200[0m 0.121 ms - 57[0m
[0mGET /api/health [32m200[0m 0.142 ms - 57[0m
[0mGET /api/health [32m200[0m 0.158 ms - 57[0m
[0mGET /api/health [32m200[0m 0.149 ms - 57[0m
[0mGET /api/health [32m200[0m 0.188 ms - 57[0m
[0mGET /api/health [32m200[0m 0.138 ms - 57[0m
[0mGET /api/health [32m200[0m 0.129 ms - 57[0m
[0mGET /api/health [32m200[0m 0.170 ms - 57[0m
[0mGET /api/health [32m200[0m 0.170 ms - 57[0m
[0mGET /api/health [32m200[0m 0.191 ms - 57[0m
[0mGET /api/health [32m200[0m 0.160 ms - 57[0m
[0mGET /api/health [32m200[0m 0.143 ms - 57[0m
[0mGET /api/health [32m200[0m 0.134 ms - 57[0m
[0mGET /api/health [32m200[0m 0.132 ms - 57[0m
[0mGET /api/health [32m200[0m 0.173 ms - 57[0m
[0mGET /api/health [32m200[0m 0.165 ms - 57[0m
[0mGET /api/health [32m200[0m 0.187 ms - 57[0m
[0mGET /api/health [32m200[0m 0.136 ms - 57[0m
[0mGET /api/health [32m200[0m 0.255 ms - 57[0m
[0mGET /api/health [32m200[0m 0.153 ms - 57[0m
[0mGET /api/health [32m200[0m 0.148 ms - 57[0m
[0mGET /api/health [32m200[0m 0.139 ms - 57[0m
[0mGET /api/health [32m200[0m 0.129 ms - 57[0m
[0mGET /api/health [32m200[0m 0.129 ms - 57[0m
[0mGET /api/health [32m200[0m 0.158 ms - 57[0m
[0mGET /api/health [32m200[0m 0.142 ms - 57[0m
[0mGET /api/health [32m200[0m 0.129 ms - 57[0m
[0mGET /api/health [32m200[0m 0.136 ms - 57[0m
[0mGET /api/health [32m200[0m 0.206 ms - 57[0m
[0mGET /api/health [32m200[0m 0.140 ms - 57[0m
[0mGET /api/health [32m200[0m 0.121 ms - 57[0m
[0mGET /api/health [32m200[0m 0.127 ms - 57[0m
[0mGET /api/health [32m200[0m 0.158 ms - 57[0m
[0mGET /api/health [32m200[0m 0.271 ms - 57[0m
[0mGET /api/health [32m200[0m 0.330 ms - 57[0m
[0mGET /api/health [32m200[0m 0.563 ms - 57[0m
[0mGET /api/health [32m200[0m 0.144 ms - 57[0m
[0mGET /api/health [32m200[0m 0.166 ms - 57[0m
[0mGET /api/health [32m200[0m 0.130 ms - 57[0m
[0mGET /api/health [32m200[0m 0.160 ms - 57[0m
[0mGET /api/health [32m200[0m 0.145 ms - 57[0m
[0mGET /api/health [32m200[0m 0.127 ms - 57[0m
[0mGET /api/health [32m200[0m 0.134 ms - 57[0m
[0mGET /api/health [32m200[0m 0.137 ms - 57[0m
[0mGET /api/health [32m200[0m 0.194 ms - 57[0m
[0mGET /api/health [32m200[0m 0.182 ms - 57[0m
[0mGET /api/health [32m200[0m 0.252 ms - 57[0m
[0mGET /api/health [32m200[0m 0.171 ms - 57[0m
[0mGET /api/health [32m200[0m 0.123 ms - 57[0m
[0mGET /api/health [32m200[0m 0.146 ms - 57[0m
[0mGET /api/health [32m200[0m 0.176 ms - 57[0m
[0mGET /api/health [32m200[0m 0.209 ms - 57[0m
[0mGET /api/health [32m200[0m 0.132 ms - 57[0m
[0mGET /api/health [32m200[0m 0.296 ms - 57[0m
[0mGET /api/health [32m200[0m 0.414 ms - 57[0m
[0mGET /api/health [32m200[0m 0.169 ms - 57[0m
[0mGET /api/health [32m200[0m 0.161 ms - 57[0m
[0mGET /api/health [32m200[0m 0.191 ms - 57[0m
[0mGET /api/health [32m200[0m 0.303 ms - 57[0m
[0mGET /api/health [32m200[0m 0.160 ms - 57[0m
[0mGET /api/health [32m200[0m 0.181 ms - 57[0m
[0mGET /api/health [32m200[0m 0.143 ms - 57[0m
[0mGET /api/health [32m200[0m 0.148 ms - 57[0m
[0mGET /api/health [32m200[0m 0.173 ms - 57[0m
[0mGET /api/health [32m200[0m 0.265 ms - 57[0m
[0mGET /api/health [32m200[0m 0.127 ms - 57[0m
[0mGET /api/health [32m200[0m 0.144 ms - 57[0m
[0mGET /api/health [32m200[0m 0.186 ms - 57[0m
[0mGET /api/health [32m200[0m 0.166 ms - 57[0m
[0mGET /api/health [32m200[0m 0.128 ms - 57[0m
[0mGET /api/health [32m200[0m 0.253 ms - 57[0m
[0mGET /api/health [32m200[0m 0.208 ms - 57[0m
[0mGET /api/health [32m200[0m 0.126 ms - 57[0m
[0mGET /api/health [32m200[0m 0.124 ms - 57[0m
[0mGET /api/health [32m200[0m 0.146 ms - 57[0m
[0mGET /api/health [32m200[0m 0.118 ms - 57[0m
[0mGET /api/health [32m200[0m 0.191 ms - 57[0m
[0mGET /api/health [32m200[0m 0.175 ms - 57[0m
[0mGET /api/health [32m200[0m 0.136 ms - 57[0m
[0mGET /api/health [32m200[0m 0.169 ms - 57[0m
[0mGET /api/health [32m200[0m 0.162 ms - 57[0m
[0mGET /api/health [32m200[0m 0.133 ms - 57[0m
[0mGET /api/health [32m200[0m 0.165 ms - 57[0m
[0mGET /api/health [32m200[0m 0.115 ms - 57[0m
[0mGET /api/health [32m200[0m 0.208 ms - 57[0m
[0mGET /api/health [32m200[0m 0.159 ms - 57[0m
[0mGET /api/health [32m200[0m 0.161 ms - 57[0m
[0mGET /api/health [32m200[0m 0.174 ms - 57[0m
[0mGET /api/health [32m200[0m 0.156 ms - 57[0m
[0mGET /api/health [32m200[0m 0.185 ms - 57[0m
[0mGET /api/health [32m200[0m 0.128 ms - 57[0m
[0mGET /api/health [32m200[0m 0.144 ms - 57[0m
[0mGET /api/health [32m200[0m 0.188 ms - 57[0m
[0mGET /api/health [32m200[0m 0.168 ms - 57[0m
[0mGET /api/health [32m200[0m 0.170 ms - 57[0m
[0mGET /api/health [32m200[0m 0.205 ms - 57[0m
[0mGET /api/health [32m200[0m 0.150 ms - 57[0m
[0mGET /api/health [32m200[0m 0.127 ms - 57[0m
[0mGET /api/health [32m200[0m 0.121 ms - 57[0m
[0mGET /api/health [32m200[0m 0.157 ms - 57[0m
[0mGET /api/health [32m200[0m 0.172 ms - 57[0m
[0mGET /api/health [32m200[0m 0.313 ms - 57[0m
[0mGET /api/health [32m200[0m 0.182 ms - 57[0m
[0mGET /api/health [32m200[0m 0.137 ms - 57[0m
[0mGET /api/health [32m200[0m 0.209 ms - 57[0m
[0mGET /api/health [32m200[0m 0.144 ms - 57[0m
[0mGET /api/health [32m200[0m 0.146 ms - 57[0m
[0mGET /api/health [32m200[0m 0.132 ms - 57[0m
[0mGET /api/health [32m200[0m 0.126 ms - 57[0m
[0mGET /api/health [32m200[0m 0.156 ms - 57[0m
[0mGET /api/health [32m200[0m 0.130 ms - 57[0m
[0mGET /api/health [32m200[0m 0.178 ms - 57[0m
[0mGET /api/health [32m200[0m 0.185 ms - 57[0m
[0mGET /api/health [32m200[0m 0.182 ms - 57[0m
[0mGET /api/health [32m200[0m 0.188 ms - 57[0m
[0mGET /api/health [32m200[0m 0.124 ms - 57[0m
[0mGET /api/health [32m200[0m 0.135 ms - 57[0m
[0mGET /api/health [32m200[0m 0.194 ms - 57[0m
[0mGET /api/health [32m200[0m 0.169 ms - 57[0m
[0mGET /api/health [32m200[0m 0.126 ms - 57[0m
[0mGET /api/health [32m200[0m 0.136 ms - 57[0m
[0mGET /api/health [32m200[0m 0.120 ms - 57[0m
[0mGET /api/health [32m200[0m 0.125 ms - 57[0m
[0mGET /api/health [32m200[0m 0.122 ms - 57[0m
[0mGET /api/health [32m200[0m 0.129 ms - 57[0m
[0mGET /api/health [32m200[0m 0.178 ms - 57[0m
[0mGET /api/health [32m200[0m 0.186 ms - 57[0m
[0mGET /api/health [32m200[0m 0.197 ms - 57[0m
[0mGET /api/health [32m200[0m 0.128 ms - 57[0m
[0mGET /api/health [32m200[0m 0.136 ms - 57[0m
[0mGET /api/health [32m200[0m 0.140 ms - 57[0m
[0mGET /api/health [32m200[0m 0.182 ms - 57[0m
[0mGET /api/health [32m200[0m 0.166 ms - 57[0m
[0mGET /api/health [32m200[0m 0.189 ms - 57[0m
[0mGET /api/health [32m200[0m 0.117 ms - 57[0m
[0mGET /api/health [32m200[0m 0.166 ms - 57[0m
[0mGET /api/health [32m200[0m 0.212 ms - 57[0m
[0mGET /api/health [32m200[0m 0.225 ms - 57[0m
[0mGET /api/health [32m200[0m 0.134 ms - 57[0m
[0mGET /api/health [32m200[0m 0.229 ms - 57[0m
[0mGET /api/health [32m200[0m 0.208 ms - 57[0m
[0mGET /api/health [32m200[0m 0.207 ms - 57[0m
[0mGET /api/health [32m200[0m 0.172 ms - 57[0m
[0mGET /api/health [32m200[0m 0.166 ms - 57[0m
[0mGET /api/health [32m200[0m 0.185 ms - 57[0m
[0mGET /api/health [32m200[0m 0.214 ms - 57[0m
[0mGET /api/health [32m200[0m 0.145 ms - 57[0m
[0mGET /api/health [32m200[0m 0.120 ms - 57[0m
[0mGET /api/health [32m200[0m 0.117 ms - 57[0m
[0mGET /api/health [32m200[0m 0.131 ms - 57[0m
[0mGET /api/health [32m200[0m 0.168 ms - 57[0m
[0mGET /api/health [32m200[0m 0.190 ms - 57[0m
[0mGET /api/health [32m200[0m 0.131 ms - 57[0m
[0mGET /api/health [32m200[0m 0.166 ms - 57[0m
[0mGET /api/health [32m200[0m 0.120 ms - 57[0m
[0mGET /api/health [32m200[0m 0.148 ms - 57[0m
[0mGET /api/health [32m200[0m 0.169 ms - 57[0m
[0mGET /api/health [32m200[0m 0.187 ms - 57[0m
[0mGET /api/health [32m200[0m 0.158 ms - 57[0m
[0mGET /api/health [32m200[0m 0.158 ms - 57[0m
[0mGET /api/health [32m200[0m 0.123 ms - 57[0m
[0mGET /api/health [32m200[0m 0.227 ms - 57[0m
[0mGET /api/health [32m200[0m 0.155 ms - 57[0m
[0mGET /api/health [32m200[0m 0.233 ms - 57[0m
[0mGET /api/health [32m200[0m 0.273 ms - 57[0m
[0mGET /api/health [32m200[0m 0.152 ms - 57[0m
[0mGET /api/health [32m200[0m 0.145 ms - 57[0m
[0mGET /api/health [32m200[0m 0.120 ms - 57[0m
[0mGET /api/health [32m200[0m 0.181 ms - 57[0m
[0mGET /api/health [32m200[0m 0.132 ms - 57[0m
[0mGET /api/health [32m200[0m 0.131 ms - 57[0m
[0mGET /api/health [32m200[0m 0.162 ms - 57[0m
[0mGET /api/health [32m200[0m 0.167 ms - 57[0m
[0mGET /api/health [32m200[0m 0.174 ms - 57[0m
[0mGET /api/health [32m200[0m 0.134 ms - 57[0m
[0mGET /api/health [32m200[0m 0.134 ms - 57[0m
[0mGET /api/health [32m200[0m 0.126 ms - 57[0m
[0mGET /api/health [32m200[0m 0.149 ms - 57[0m
[0mGET /api/health [32m200[0m 0.149 ms - 57[0m
[0mGET /api/health [32m200[0m 0.240 ms - 57[0m
[0mGET /api/health [32m200[0m 0.138 ms - 57[0m
[0mGET /api/health [32m200[0m 0.144 ms - 57[0m
[0mGET /api/health [32m200[0m 0.147 ms - 57[0m
[0mGET /api/health [32m200[0m 0.158 ms - 57[0m
[0mGET /api/health [32m200[0m 0.158 ms - 57[0m
[0mGET /api/health [32m200[0m 0.141 ms - 57[0m
[0mGET /api/health [32m200[0m 0.123 ms - 57[0m
[0mGET /api/health [32m200[0m 0.151 ms - 57[0m
[0mGET /api/health [32m200[0m 0.159 ms - 57[0m
[0mGET /api/health [32m200[0m 0.148 ms - 57[0m
[0mGET /api/health [32m200[0m 0.205 ms - 57[0m
[0mGET /api/health [32m200[0m 0.166 ms - 57[0m
[0mGET /api/health [32m200[0m 0.155 ms - 57[0m
[0mGET /api/health [32m200[0m 0.170 ms - 57[0m
[0mGET /api/health [32m200[0m 0.178 ms - 57[0m
[0mGET /api/health [32m200[0m 0.128 ms - 57[0m
[0mGET /api/health [32m200[0m 0.169 ms - 57[0m
[0mGET /api/health [32m200[0m 0.147 ms - 57[0m
[0mGET /api/health [32m200[0m 0.192 ms - 57[0m
[0mGET /api/health [32m200[0m 0.190 ms - 57[0m
[0mGET /api/health [32m200[0m 0.133 ms - 57[0m
[0mGET /api/health [32m200[0m 0.127 ms - 57[0m
[0mGET /api/health [32m200[0m 0.220 ms - 57[0m
[0mGET /api/health [32m200[0m 0.133 ms - 57[0m
[0mGET /api/health [32m200[0m 0.188 ms - 57[0m
[0mGET /api/health [32m200[0m 0.123 ms - 57[0m
[0mGET /api/health [32m200[0m 0.132 ms - 57[0m
[0mGET /api/health [32m200[0m 0.188 ms - 57[0m
[0mGET /api/health [32m200[0m 0.129 ms - 57[0m
[0mGET /api/health [32m200[0m 0.121 ms - 57[0m
[0mGET /api/health [32m200[0m 0.168 ms - 57[0m
[0mGET /api/health [32m200[0m 0.141 ms - 57[0m
[0mGET /api/health [32m200[0m 0.126 ms - 57[0m
[0mGET /api/health [32m200[0m 0.318 ms - 57[0m
[0mGET /api/health [32m200[0m 0.167 ms - 57[0m
[0mGET /api/health [32m200[0m 0.199 ms - 57[0m
[0mGET /api/health [32m200[0m 0.139 ms - 57[0m
[0mGET /api/health [32m200[0m 0.141 ms - 57[0m
[0mGET /api/health [32m200[0m 0.140 ms - 57[0m
[0mGET /api/health [32m200[0m 0.124 ms - 57[0m
[0mGET /api/health [32m200[0m 0.178 ms - 57[0m
[0mGET /api/health [32m200[0m 0.129 ms - 57[0m
[0mGET /api/health [32m200[0m 0.170 ms - 57[0m
[0mGET /api/health [32m200[0m 0.155 ms - 57[0m
[0mGET /api/health [32m200[0m 0.152 ms - 57[0m
[0mGET /api/health [32m200[0m 0.116 ms - 57[0m
[0mGET /api/health [32m200[0m 0.166 ms - 57[0m
[0mGET /api/health [32m200[0m 0.132 ms - 57[0m
[0mGET /api/health [32m200[0m 0.166 ms - 57[0m
[0mGET /api/health [32m200[0m 0.149 ms - 57[0m
[0mGET /api/health [32m200[0m 0.161 ms - 57[0m
[0mGET /api/health [32m200[0m 0.141 ms - 57[0m
[0mGET /api/health [32m200[0m 0.143 ms - 57[0m
[0mGET /api/health [32m200[0m 0.118 ms - 57[0m
[0mGET /api/health [32m200[0m 0.169 ms - 57[0m
[0mGET /api/health [32m200[0m 0.202 ms - 57[0m
[0mGET /api/health [32m200[0m 0.128 ms - 57[0m
[0mGET /api/health [32m200[0m 0.151 ms - 57[0m
[0mGET /api/health [32m200[0m 0.121 ms - 57[0m
[0mGET /api/health [32m200[0m 0.165 ms - 57[0m
[0mGET /api/health [32m200[0m 0.183 ms - 57[0m
[0mGET /api/health [32m200[0m 0.142 ms - 57[0m
[0mGET /api/health [32m200[0m 0.127 ms - 57[0m
[0mGET /api/health [32m200[0m 0.169 ms - 57[0m
[0mGET /api/health [32m200[0m 0.164 ms - 57[0m
[0mGET /api/health [32m200[0m 0.173 ms - 57[0m
[0mGET /api/health [32m200[0m 0.147 ms - 57[0m
[0mGET /api/health [32m200[0m 0.226 ms - 57[0m
[0mGET /api/health [32m200[0m 0.134 ms - 57[0m
[0mGET /api/health [32m200[0m 0.139 ms - 57[0m
[0mGET /api/health [32m200[0m 0.148 ms - 57[0m
[0mGET /api/health [32m200[0m 0.174 ms - 57[0m
[0mGET /api/health [32m200[0m 0.196 ms - 57[0m
[0mGET /api/health [32m200[0m 0.171 ms - 57[0m
[0mGET /api/health [32m200[0m 0.318 ms - 57[0m
[0mGET /api/health [32m200[0m 0.206 ms - 57[0m
[0mGET /api/health [32m200[0m 0.136 ms - 57[0m
[0mGET /api/health [32m200[0m 0.162 ms - 57[0m
[0mGET /api/health [32m200[0m 0.202 ms - 57[0m
[0mGET /api/health [32m200[0m 0.207 ms - 57[0m
[0mGET /api/health [32m200[0m 0.140 ms - 57[0m
[0mGET /api/health [32m200[0m 0.147 ms - 57[0m
[0mGET /api/health [32m200[0m 0.178 ms - 57[0m
[0mGET /api/health [32m200[0m 0.207 ms - 57[0m
[0mGET /api/health [32m200[0m 0.184 ms - 57[0m
[0mGET /api/health [32m200[0m 0.283 ms - 57[0m
[0mGET /api/health [32m200[0m 0.153 ms - 57[0m
[0mGET /api/health [32m200[0m 0.324 ms - 57[0m
[0mGET /api/health [32m200[0m 0.272 ms - 57[0m
[0mGET /api/health [32m200[0m 0.274 ms - 57[0m
[0mGET /api/health [32m200[0m 0.817 ms - 57[0m
[0mGET /api/health [32m200[0m 0.300 ms - 57[0m
[0mGET /api/health [32m200[0m 0.307 ms - 57[0m
[0mGET /api/health [32m200[0m 0.404 ms - 57[0m
[0mGET /api/health [32m200[0m 0.219 ms - 57[0m
[0mGET /api/health [32m200[0m 0.305 ms - 57[0m
[0mGET /api/health [32m200[0m 0.293 ms - 57[0m
[0mGET /api/health [32m200[0m 0.387 ms - 57[0m
[0mGET /api/health [32m200[0m 0.246 ms - 57[0m
[0mGET /api/health [32m200[0m 0.221 ms - 57[0m
[0mGET /api/health [32m200[0m 0.514 ms - 57[0m
[0mGET /api/health [32m200[0m 0.217 ms - 57[0m
[0mGET /api/health [32m200[0m 0.312 ms - 57[0m
[0mGET /api/health [32m200[0m 0.317 ms - 57[0m
[0mGET /api/health [32m200[0m 0.329 ms - 57[0m
[0mGET /api/health [32m200[0m 0.496 ms - 57[0m
[0mGET /api/health [32m200[0m 0.309 ms - 57[0m
[0mGET /api/health [32m200[0m 0.291 ms - 57[0m
[0mGET /api/health [32m200[0m 0.249 ms - 57[0m
[0mGET /api/health [32m200[0m 0.274 ms - 57[0m
[0mGET /api/health [32m200[0m 0.223 ms - 57[0m
[0mGET /api/health [32m200[0m 0.284 ms - 57[0m
[0mGET /api/health [32m200[0m 0.432 ms - 57[0m
[0mGET /api/health [32m200[0m 0.439 ms - 57[0m
[0mGET /api/health [32m200[0m 0.210 ms - 57[0m
[0mGET /api/health [32m200[0m 0.218 ms - 57[0m
[0mGET /api/health [32m200[0m 0.311 ms - 57[0m
[0mGET /api/health [32m200[0m 0.221 ms - 57[0m
[0mGET /api/health [32m200[0m 0.291 ms - 57[0m
[0mGET /api/health [32m200[0m 0.338 ms - 57[0m
[0mGET /api/health [32m200[0m 0.215 ms - 57[0m
[0mGET /api/health [32m200[0m 0.394 ms - 57[0m
[0mGET /api/health [32m200[0m 0.211 ms - 57[0m
[0mGET /api/health [32m200[0m 0.295 ms - 57[0m
[0mGET /api/health [32m200[0m 0.276 ms - 57[0m
[0mGET /api/health [32m200[0m 0.311 ms - 57[0m
[0mGET /api/health [32m200[0m 0.325 ms - 57[0m
[0mGET /api/health [32m200[0m 0.213 ms - 57[0m
[0mGET /api/health [32m200[0m 0.270 ms - 57[0m
[0mGET /api/health [32m200[0m 0.220 ms - 57[0m
[0mGET /api/health [32m200[0m 0.237 ms - 57[0m
[0mGET /api/health [32m200[0m 0.435 ms - 57[0m
[0mGET /api/health [32m200[0m 0.319 ms - 57[0m
[0mGET /api/health [32m200[0m 0.621 ms - 57[0m
[0mGET /api/health [32m200[0m 0.258 ms - 57[0m
[0mGET /api/health [32m200[0m 0.281 ms - 57[0m
[0mGET /api/health [32m200[0m 0.219 ms - 57[0m
[0mGET /api/health [32m200[0m 0.256 ms - 57[0m
[0mGET /api/health [32m200[0m 0.340 ms - 57[0m
[0mGET /api/health [32m200[0m 0.530 ms - 57[0m
[0mGET /api/health [32m200[0m 0.318 ms - 57[0m
[0mGET /api/health [32m200[0m 0.443 ms - 57[0m
[0mGET /api/health [32m200[0m 0.227 ms - 57[0m
[0mGET /api/health [32m200[0m 0.233 ms - 57[0m
[0mGET /api/health [32m200[0m 0.324 ms - 57[0m
[0mGET /api/health [32m200[0m 0.546 ms - 57[0m
[0mGET /api/health [32m200[0m 1.753 ms - 57[0m
[0mGET /api/health [32m200[0m 0.225 ms - 57[0m
[0mGET /api/health [32m200[0m 0.481 ms - 57[0m
[0mGET /api/health [32m200[0m 0.217 ms - 57[0m
[0mGET /api/health [32m200[0m 0.274 ms - 57[0m
[0mGET /api/health [32m200[0m 0.260 ms - 57[0m
[0mGET /api/health [32m200[0m 0.302 ms - 57[0m
[0mGET /api/health [32m200[0m 0.225 ms - 57[0m
[0mGET /api/health [32m200[0m 0.303 ms - 57[0m
[0mGET /api/health [32m200[0m 0.542 ms - 57[0m
[0mGET /api/health [32m200[0m 0.326 ms - 57[0m
[0mGET /api/health [32m200[0m 0.358 ms - 57[0m
[0mGET /api/health [32m200[0m 0.332 ms - 57[0m
[0mGET /api/health [32m200[0m 0.308 ms - 57[0m
[0mGET /api/health [32m200[0m 0.282 ms - 57[0m
[0mGET /api/health [32m200[0m 0.225 ms - 57[0m
[0mGET /api/health [32m200[0m 0.373 ms - 57[0m
[0mGET /api/health [32m200[0m 0.281 ms - 57[0m
[0mGET /api/health [32m200[0m 0.453 ms - 57[0m
[0mGET /api/health [32m200[0m 0.300 ms - 57[0m
[0mGET /api/health [32m200[0m 0.432 ms - 57[0m
[0mGET /api/health [32m200[0m 0.364 ms - 57[0m
[0mGET /api/health [32m200[0m 0.219 ms - 57[0m
[0mGET /api/health [32m200[0m 0.253 ms - 57[0m
[0mGET /api/health [32m200[0m 0.222 ms - 57[0m
[0mGET /api/health [32m200[0m 0.339 ms - 57[0m
[0mGET /api/health [32m200[0m 0.350 ms - 57[0m
[0mGET /api/health [32m200[0m 0.275 ms - 57[0m
[0mGET /api/health [32m200[0m 0.358 ms - 57[0m
[0mGET /api/health [32m200[0m 0.211 ms - 57[0m
[0mGET /api/health [32m200[0m 0.278 ms - 57[0m
[0mGET /api/health [32m200[0m 0.276 ms - 57[0m
[0mGET /api/health [32m200[0m 0.290 ms - 57[0m
[0mGET /api/health [32m200[0m 0.381 ms - 57[0m
[0mGET /api/health [32m200[0m 0.374 ms - 57[0m
[0mGET /api/health [32m200[0m 0.275 ms - 57[0m
[0mGET /api/health [32m200[0m 0.279 ms - 57[0m
[0mGET /api/health [32m200[0m 0.241 ms - 57[0m
[0mGET /api/health [32m200[0m 0.306 ms - 57[0m
[0mGET /api/health [32m200[0m 0.230 ms - 57[0m
[0mGET /api/health [32m200[0m 0.266 ms - 57[0m
[0mGET /api/health [32m200[0m 0.235 ms - 57[0m
[0mGET /api/health [32m200[0m 0.399 ms - 57[0m
[0mGET /api/health [32m200[0m 0.224 ms - 57[0m
[0mGET /api/health [32m200[0m 0.226 ms - 57[0m
[0mGET /api/health [32m200[0m 0.206 ms - 57[0m
[0mGET /api/health [32m200[0m 0.410 ms - 57[0m
[0mGET /api/health [32m200[0m 0.216 ms - 57[0m
[0mGET /api/health [32m200[0m 0.225 ms - 57[0m
[0mGET /api/health [32m200[0m 0.225 ms - 57[0m
[0mGET /api/health [32m200[0m 0.402 ms - 57[0m
[0mGET /api/health [32m200[0m 0.228 ms - 57[0m
[0mGET /api/health [32m200[0m 0.302 ms - 57[0m
[0mGET /api/health [32m200[0m 0.254 ms - 57[0m
[0mGET /api/health [32m200[0m 0.307 ms - 57[0m
[0mGET /api/health [32m200[0m 0.317 ms - 57[0m
[0mGET /api/health [32m200[0m 0.277 ms - 57[0m
[0mGET /api/health [32m200[0m 0.292 ms - 57[0m
[0mGET /api/health [32m200[0m 0.220 ms - 57[0m
[0mGET /api/health [32m200[0m 0.214 ms - 57[0m
[0mGET /api/health [32m200[0m 0.450 ms - 57[0m
[0mGET /api/health [32m200[0m 0.216 ms - 57[0m
[0mGET /api/health [32m200[0m 0.237 ms - 57[0m
[0mGET /api/health [32m200[0m 0.310 ms - 57[0m
[0mGET /api/health [32m200[0m 0.293 ms - 57[0m
[0mGET /api/health [32m200[0m 0.272 ms - 57[0m
[0mGET /api/health [32m200[0m 0.235 ms - 57[0m
[0mGET /api/health [32m200[0m 0.222 ms - 57[0m
[0mGET /api/health [32m200[0m 0.335 ms - 57[0m
[0mGET /api/health [32m200[0m 0.208 ms - 57[0m
[0mGET /api/health [32m200[0m 0.223 ms - 57[0m
[0mGET /api/health [32m200[0m 0.269 ms - 57[0m
[0mGET /api/health [32m200[0m 0.280 ms - 57[0m
[0mGET /api/health [32m200[0m 0.281 ms - 57[0m
[0mGET /api/health [32m200[0m 0.267 ms - 57[0m
[0mGET /api/health [32m200[0m 0.385 ms - 57[0m
[0mGET /api/health [32m200[0m 0.276 ms - 57[0m
[0mGET /api/health [32m200[0m 0.207 ms - 57[0m
[0mGET /api/health [32m200[0m 0.267 ms - 57[0m
[0mGET /api/health [32m200[0m 0.283 ms - 57[0m
[0mGET /api/health [32m200[0m 0.212 ms - 57[0m
[0mGET /api/health [32m200[0m 0.315 ms - 57[0m
[0mGET /api/health [32m200[0m 0.219 ms - 57[0m
[0mGET /api/health [32m200[0m 0.222 ms - 57[0m
[0mGET /api/health [32m200[0m 0.409 ms - 57[0m
[0mGET /api/health [32m200[0m 0.276 ms - 57[0m
[0mGET /api/health [32m200[0m 0.268 ms - 57[0m
[0mGET /api/health [32m200[0m 0.192 ms - 57[0m
[0mGET /api/health [32m200[0m 0.397 ms - 57[0m
[0mGET /api/health [32m200[0m 0.373 ms - 57[0m
[0mGET /api/health [32m200[0m 0.453 ms - 57[0m
[0mGET /api/health [32m200[0m 0.299 ms - 57[0m
[0mGET /api/health [32m200[0m 0.654 ms - 57[0m
[0mGET /api/health [32m200[0m 0.589 ms - 57[0m
[0mGET /api/health [32m200[0m 0.243 ms - 57[0m
[0mGET /api/health [32m200[0m 0.229 ms - 57[0m
[0mGET /api/health [32m200[0m 0.309 ms - 57[0m
[0mGET /api/health [32m200[0m 0.300 ms - 57[0m
[0mGET /api/health [32m200[0m 0.320 ms - 57[0m
[0mGET /api/health [32m200[0m 0.455 ms - 57[0m
[0mGET /api/health [32m200[0m 0.548 ms - 57[0m
[0mGET /api/health [32m200[0m 0.295 ms - 57[0m
[0mGET /api/health [32m200[0m 0.218 ms - 57[0m
[0mGET /api/health [32m200[0m 0.464 ms - 57[0m
[0mGET /api/health [32m200[0m 0.226 ms - 57[0m
[0mGET /api/health [32m200[0m 0.222 ms - 57[0m
[0mGET /api/health [32m200[0m 0.227 ms - 57[0m
[0mGET /api/health [32m200[0m 0.411 ms - 57[0m
[0mGET /api/health [32m200[0m 0.347 ms - 57[0m
[0mGET /api/health [32m200[0m 0.313 ms - 57[0m
[0mGET /api/health [32m200[0m 0.655 ms - 57[0m
[0mGET /api/health [32m200[0m 0.234 ms - 57[0m
[0mGET /api/health [32m200[0m 0.451 ms - 57[0m
[0mGET /api/health [32m200[0m 0.233 ms - 57[0m
[0mGET /api/health [32m200[0m 0.855 ms - 57[0m
[0mGET /api/health [32m200[0m 0.473 ms - 57[0m
[0mGET /api/health [32m200[0m 0.274 ms - 57[0m
[0mGET /api/health [32m200[0m 0.291 ms - 57[0m
[0mGET /api/health [32m200[0m 0.343 ms - 57[0m
[0mGET /api/health [32m200[0m 0.320 ms - 57[0m
[0mGET /api/health [32m200[0m 0.220 ms - 57[0m
[0mGET /api/health [32m200[0m 0.537 ms - 57[0m
[0mGET /api/health [32m200[0m 0.306 ms - 57[0m
[0mGET /api/health [32m200[0m 0.290 ms - 57[0m
[0mGET /api/health [32m200[0m 0.283 ms - 57[0m
[0mGET /api/health [32m200[0m 0.466 ms - 57[0m
[0mGET /api/auth/verify [33m401[0m 716.083 ms - 36[0m
[0mGET /api/health [32m200[0m 0.243 ms - 57[0m
[0mGET /api/health [32m200[0m 0.235 ms - 57[0m
[0mGET /api/health [32m200[0m 0.317 ms - 57[0m
[0mGET /api/health [32m200[0m 0.296 ms - 57[0m
[0mPOST /api/auth/signin [32m200[0m 458.777 ms - 1263[0m
[getMe] Querying for userId: cf6c6246-a489-4228-834c-b4eec7d0d0d0
[0mGET /api/notifications [36m304[0m 586.904 ms - -[0m
[getMe] dbUser result: { first_name: 'hossam', last_name: 'hassan', roles: null } error: null
[0mGET /api/auth/me [36m304[0m 668.722 ms - -[0m
[0mGET /api/skills/me [36m304[0m 294.591 ms - -[0m
[0mGET /api/resumes [36m304[0m 197.393 ms - -[0m
[0mGET /api/resumes/cb232b4b-5e5d-4a25-92d5-6f9eae25d69e/status [32m200[0m 200.474 ms - 33972[0m
[0mGET /api/resumes [36m304[0m 265.655 ms - -[0m
[0mGET /api/matches [36m304[0m 249.312 ms - -[0m
[0mGET /api/health [32m200[0m 0.236 ms - 57[0m
[0mGET /api/courses? [32m200[0m 930.764 ms - 3676[0m
[0mGET /api/health [32m200[0m 0.237 ms - 57[0m
[getMe] Querying for userId: cf6c6246-a489-4228-834c-b4eec7d0d0d0
[0mGET /api/health [32m200[0m 0.440 ms - 57[0m
[getMe] dbUser result: { first_name: 'hossam', last_name: 'hassan', roles: null } error: null
[0mGET /api/auth/me [36m304[0m 922.906 ms - -[0m
[0mGET /api/skills/me [36m304[0m 332.999 ms - -[0m
[0mGET /api/resumes [36m304[0m 172.174 ms - -[0m
[0mGET /api/resumes/cb232b4b-5e5d-4a25-92d5-6f9eae25d69e/status [32m200[0m 223.804 ms - 33972[0m
[0mGET /api/resumes [36m304[0m 201.670 ms - -[0m
[0mGET /api/matches [36m304[0m 258.703 ms - -[0m
[0mGET /api/health [32m200[0m 0.297 ms - 57[0m
[0mGET /api/notifications [36m304[0m 332.844 ms - -[0m
[0mGET /api/health [32m200[0m 0.547 ms - 57[0m
[0mGET /api/health [32m200[0m 0.289 ms - 57[0m
[0mGET /api/health [32m200[0m 0.568 ms - 57[0m
[0mGET /api/health [32m200[0m 0.472 ms - 57[0m
[0mGET /api/notifications [36m304[0m 988.974 ms - -[0m
[0mGET /api/health [32m200[0m 0.973 ms - 57[0m
[0mGET /api/health [32m200[0m 0.262 ms - 57[0m
[0mGET /api/health [32m200[0m 0.422 ms - 57[0m
[Upload] File received: originalname=rodina_resume_ta.pdf, mimetype=application/pdf, size=187283 bytes
[Pipeline] Sending resume f6ed5895-d732-4f8f-858e-7260c1d70307 to extraction service...
[0mPOST /api/resumes/upload [32m202[0m 1283.082 ms - 101[0m
[0mGET /api/resumes/f6ed5895-d732-4f8f-858e-7260c1d70307/status [32m200[0m 353.490 ms - 252[0m
[0mGET /api/health [32m200[0m 0.364 ms - 57[0m
[Pipeline] Extraction complete. Sending to normalization service...
[0mGET /api/notifications [36m304[0m 167.876 ms - -[0m
[0mGET /api/resumes/f6ed5895-d732-4f8f-858e-7260c1d70307/status [32m200[0m 287.459 ms - 252[0m
[0mGET /api/resumes/f6ed5895-d732-4f8f-858e-7260c1d70307/status [32m200[0m 165.227 ms - 252[0m
[Pipeline] Normalization complete. Calling gap engine with jobTitle="AI Instructor"...
[0mGET /api/resumes/f6ed5895-d732-4f8f-858e-7260c1d70307/status [32m200[0m 165.275 ms - 252[0m
[0mGET /api/health [32m200[0m 0.419 ms - 57[0m
[Pipeline] Calling roadmap service with jobTitle="AI Instructor"...
[0mGET /api/resumes/f6ed5895-d732-4f8f-858e-7260c1d70307/status [32m200[0m 167.452 ms - 252[0m
[0mGET /api/resumes/f6ed5895-d732-4f8f-858e-7260c1d70307/status [32m200[0m 163.152 ms - 252[0m
[0mGET /api/health [32m200[0m 0.242 ms - 57[0m
[0mGET /api/resumes/f6ed5895-d732-4f8f-858e-7260c1d70307/status [32m200[0m 166.921 ms - 252[0m
[0mGET /api/health [32m200[0m 0.395 ms - 57[0m
[0mGET /api/resumes/f6ed5895-d732-4f8f-858e-7260c1d70307/status [32m200[0m 150.657 ms - 252[0m
[Pipeline] Calling course recommender with jobTitle="AI Instructor"...
[Pipeline] Enrichment complete. Saving to database...
Resume f6ed5895-d732-4f8f-858e-7260c1d70307 analysis complete.
[0mGET /api/resumes/f6ed5895-d732-4f8f-858e-7260c1d70307/status [32m200[0m 165.570 ms - 59759[0m
[0mGET /api/notifications [36m304[0m 166.153 ms - -[0m
[0mGET /api/health [32m200[0m 0.326 ms - 57[0m
[0mGET /api/health [32m200[0m 0.454 ms - 57[0m
[0mGET /api/health [32m200[0m 0.241 ms - 57[0m
[0mGET /api/health [32m200[0m 0.224 ms - 57[0m
[0mGET /api/health [32m200[0m 0.387 ms - 57[0m
[0mGET /api/notifications [36m304[0m 376.445 ms - -[0m
[0mGET /api/health [32m200[0m 0.261 ms - 57[0m
[0mGET /api/health [32m200[0m 0.332 ms - 57[0m
[0mGET /api/health [32m200[0m 0.351 ms - 57[0m
[0mGET /api/health [32m200[0m 0.253 ms - 57[0m
[0mGET /api/notifications [36m304[0m 285.837 ms - -[0m
[0mGET /api/health [32m200[0m 0.373 ms - 57[0m
[0mGET /api/health [32m200[0m 0.429 ms - 57[0m
[0mGET /api/health [32m200[0m 0.239 ms - 57[0m
[0mGET /api/health [32m200[0m 0.550 ms - 57[0m
[0mGET /api/health [32m200[0m 0.508 ms - 57[0m
[0mGET /api/notifications [36m304[0m 355.703 ms - -[0m
[0mGET /api/health [32m200[0m 0.463 ms - 57[0m
[0mGET /api/health [32m200[0m 0.348 ms - 57[0m
[0mGET /api/health [32m200[0m 0.309 ms - 57[0m
[0mGET /api/health [32m200[0m 0.439 ms - 57[0m
[0mGET /api/health [32m200[0m 0.600 ms - 57[0m
[0mGET /api/health [32m200[0m 0.834 ms - 57[0m
[0mGET /api/health [32m200[0m 0.370 ms - 57[0m
[0mGET /api/health [32m200[0m 0.350 ms - 57[0m
[0mGET /api/health [32m200[0m 0.343 ms - 57[0m
[0mGET /api/notifications [36m304[0m 292.431 ms - -[0m
[0mGET /api/health [32m200[0m 0.391 ms - 57[0m
[0mGET /api/health [32m200[0m 0.278 ms - 57[0m
[0mGET /api/health [32m200[0m 0.320 ms - 57[0m
[0mGET /api/health [32m200[0m 0.340 ms - 57[0m
[0mGET /api/health [32m200[0m 0.246 ms - 57[0m
[0mGET /api/health [32m200[0m 0.270 ms - 57[0m
[0mGET /api/health [32m200[0m 0.265 ms - 57[0m
[0mGET /api/health [32m200[0m 0.347 ms - 57[0m
[0mGET /api/health [32m200[0m 0.404 ms - 57[0m
[0mGET /api/notifications [36m304[0m 396.240 ms - -[0m
[0mGET /api/health [32m200[0m 0.403 ms - 57[0m
[0mGET /api/health [32m200[0m 0.391 ms - 57[0m
[0mGET /api/health [32m200[0m 0.301 ms - 57[0m
[0mGET /api/health [32m200[0m 0.319 ms - 57[0m
[0mGET /api/health [32m200[0m 0.398 ms - 57[0m
[0mGET /api/health [32m200[0m 0.233 ms - 57[0m
[0mGET /api/health [32m200[0m 0.236 ms - 57[0m
[0mGET /api/health [32m200[0m 0.344 ms - 57[0m
[0mGET /api/health [32m200[0m 0.245 ms - 57[0m
[0mGET /api/notifications [36m304[0m 360.490 ms - -[0m
[0mGET /api/health [32m200[0m 0.239 ms - 57[0m
[0mGET /api/health [32m200[0m 0.295 ms - 57[0m
[0mGET /api/health [32m200[0m 0.315 ms - 57[0m
[0mGET /api/health [32m200[0m 0.481 ms - 57[0m
[0mGET /api/health [32m200[0m 0.410 ms - 57[0m
[0mGET /api/notifications [0m-[0m - ms - -[0m
[getMe] Querying for userId: cf6c6246-a489-4228-834c-b4eec7d0d0d0
[getMe] dbUser result: { first_name: 'hossam', last_name: 'hassan', roles: null } error: null
[0mGET /api/auth/verify [32m200[0m 552.761 ms - 325[0m
[0mGET /api/notifications [32m200[0m 177.531 ms - 318[0m
[0mGET /api/courses? [36m304[0m 722.301 ms - -[0m
[0mGET /api/health [32m200[0m 0.263 ms - 57[0m
[0mPOST /api/courses/5ddca06a-683e-4787-afb2-729efe48e4de/enroll [32m201[0m 430.900 ms - 491[0m
[0mGET /api/courses? [32m200[0m 421.213 ms - 3675[0m
[0mGET /api/health [32m200[0m 0.266 ms - 57[0m
[0mGET /api/health [32m200[0m 0.326 ms - 57[0m
[0mGET /api/health [32m200[0m 0.418 ms - 57[0m
[0mPUT /api/courses/5ddca06a-683e-4787-afb2-729efe48e4de/progress [32m200[0m 522.579 ms - 481[0m
[0mGET /api/courses? [32m200[0m 418.231 ms - 3676[0m
[0mGET /api/notifications [36m304[0m 185.130 ms - -[0m
[0mGET /api/notifications [36m304[0m 169.921 ms - -[0m
[0mPUT /api/courses/5ddca06a-683e-4787-afb2-729efe48e4de/progress [32m200[0m 274.003 ms - 481[0m
[0mGET /api/courses? [32m200[0m 425.810 ms - 3676[0m
[0mGET /api/health [32m200[0m 0.235 ms - 57[0m
[0mPUT /api/courses/5ddca06a-683e-4787-afb2-729efe48e4de/progress [32m200[0m 259.840 ms - 481[0m
[0mGET /api/courses? [32m200[0m 406.480 ms - 3676[0m
[0mPOST /api/courses/600cd510-cfcd-4bda-95a5-45a0240e2975/enroll [32m201[0m 563.953 ms - 491[0m
[0mGET /api/courses? [32m200[0m 415.710 ms - 3675[0m
[0mGET /api/health [32m200[0m 0.344 ms - 57[0m
[0mPOST /api/courses/15be701c-2606-4e7b-b051-f8145ef9af4d/enroll [32m201[0m 528.359 ms - 491[0m
[0mGET /api/health [32m200[0m 0.306 ms - 57[0m
[0mGET /api/courses? [32m200[0m 381.316 ms - 3674[0m
[0mGET /api/health [32m200[0m 0.251 ms - 57[0m
[0mGET /api/notifications [36m304[0m 290.107 ms - -[0m
[0mGET /api/health [32m200[0m 0.231 ms - 57[0m
[0mGET /api/users/cf6c6246-a489-4228-834c-b4eec7d0d0d0/saved-jobs [36m304[0m 195.234 ms - -[0m
[0mGET /api/matches [36m304[0m 171.504 ms - -[0m
[0mGET /api/matches [36m304[0m 175.611 ms - -[0m
[0mGET /api/jobs? [36m304[0m 82.297 ms - -[0m
[0mGET /api/users/cf6c6246-a489-4228-834c-b4eec7d0d0d0/saved-jobs [36m304[0m 183.452 ms - -[0m
[0mGET /api/health [32m200[0m 0.458 ms - 57[0m
[getMe] Querying for userId: cf6c6246-a489-4228-834c-b4eec7d0d0d0
[getMe] dbUser result: { first_name: 'hossam', last_name: 'hassan', roles: null } error: null
[0mGET /api/auth/me [36m304[0m 748.740 ms - -[0m
[0mGET /api/skills/me [36m304[0m 240.968 ms - -[0m
[0mGET /api/resumes [32m200[0m 169.499 ms - 753[0m
[0mGET /api/resumes/f6ed5895-d732-4f8f-858e-7260c1d70307/status [32m200[0m 183.479 ms - 59759[0m
[0mGET /api/resumes [36m304[0m 171.916 ms - -[0m
[0mGET /api/matches [36m304[0m 173.224 ms - -[0m
[0mGET /api/health [32m200[0m 0.561 ms - 57[0m
[0mGET /api/resumes [36m304[0m 274.237 ms - -[0m
[0mGET /api/health [32m200[0m 0.230 ms - 57[0m
[0mGET /api/courses? [36m304[0m 639.755 ms - -[0m
[0mGET /api/health [32m200[0m 0.390 ms - 57[0m
[0mGET /api/notifications [36m304[0m 270.882 ms - -[0m
[0mGET /api/notifications [36m304[0m 156.651 ms - -[0m
[0mGET /api/health [32m200[0m 0.279 ms - 57[0m
[0mGET /api/health [32m200[0m 0.333 ms - 57[0m
[0mGET /api/health [32m200[0m 0.354 ms - 57[0m
[0mGET /api/health [32m200[0m 0.325 ms - 57[0m
[0mGET /api/notifications [36m304[0m 353.890 ms - -[0m
[0mGET /api/resumes [36m304[0m 171.530 ms - -[0m
[0mGET /api/resumes/f6ed5895-d732-4f8f-858e-7260c1d70307/status [32m200[0m 175.565 ms - 59759[0m
[0mGET /api/courses? [36m304[0m 619.251 ms - -[0m
[0mGET /api/progress [32m200[0m 265.457 ms - 3507[0m
[0mGET /api/notifications [36m304[0m 175.866 ms - -[0m
[0mGET /api/health [32m200[0m 0.233 ms - 57[0m
[roadmap/explain] Calling M5: {"user_id":"cf6c6246-a489-4228-834c-b4eec7d0d0d0","skill":"Machine Learning","course_title":"Focus: Machine Learning, Deep Learning Course","match_score":0.85,"market_freq":1,"roadmap_data":{"phases":[],"metadata":{"source":"explain_endpoint"}}}
[0mGET /api/health [32m200[0m 0.695 ms - 57[0m
[0mPOST /api/roadmap/explain [32m200[0m 6943.914 ms - 266[0m
[0mGET /api/health [32m200[0m 0.333 ms - 57[0m
[0mGET /api/health [32m200[0m 0.874 ms - 57[0m
[0mGET /api/courses? [36m304[0m 891.080 ms - -[0m
[0mGET /api/notifications [36m304[0m 157.212 ms - -[0m
[0mPUT /api/courses/5ddca06a-683e-4787-afb2-729efe48e4de/progress [32m200[0m 355.476 ms - 481[0m
[0mGET /api/courses? [32m200[0m 396.856 ms - 3674[0m
[0mGET /api/health [32m200[0m 0.230 ms - 57[0m
[0mGET /api/notifications [36m304[0m 743.103 ms - -[0m
[getMe] Querying for userId: cf6c6246-a489-4228-834c-b4eec7d0d0d0
[getMe] dbUser result: { first_name: 'hossam', last_name: 'hassan', roles: null } error: null
[0mGET /api/auth/verify [36m304[0m 445.699 ms - -[0m
[0mGET /api/notifications [36m304[0m 162.775 ms - -[0m
[0mGET /api/health [32m200[0m 0.560 ms - 57[0m
[0mGET /api/resumes [36m304[0m 288.840 ms - -[0m
[0mGET /api/health [32m200[0m 0.344 ms - 57[0m
[0mGET /api/health [32m200[0m 0.234 ms - 57[0m
[0mGET /api/health [32m200[0m 0.265 ms - 57[0m
[0mGET /api/notifications [36m304[0m 285.622 ms - -[0m
[0mGET /api/health [32m200[0m 0.323 ms - 57[0m
[0mGET /api/notifications [36m304[0m 291.886 ms - -[0m
[0mGET /api/health [32m200[0m 0.294 ms - 57[0m
[0mGET /api/health [32m200[0m 0.497 ms - 57[0m
[0mGET /api/health [32m200[0m 0.410 ms - 57[0m
[0mGET /api/health [32m200[0m 0.729 ms - 57[0m
[0mGET /api/notifications [36m304[0m 619.503 ms - -[0m
[0mGET /api/health [32m200[0m 0.237 ms - 57[0m
[0mGET /api/health [32m200[0m 0.363 ms - 57[0m
[0mGET /api/health [32m200[0m 0.347 ms - 57[0m
[0mGET /api/health [32m200[0m 0.300 ms - 57[0m
[0mGET /api/notifications [36m304[0m 285.807 ms - -[0m
[0mGET /api/health [32m200[0m 0.551 ms - 57[0m
[0mGET /api/health [32m200[0m 0.243 ms - 57[0m
Terminate batch job (Y/N)? 